Component: Arm Compiler for Embedded 6.22 Tool: armlink [5ee90200]

==============================================================================

Section Cross References

    main.o(.text.updateXPlanes) refers to common_functions.o(.text.clearAllLeds) for clearAllLeds
    main.o(.text.updateXPlanes) refers to common_functions.o(.text.scaleBrightness) for scaleBrightness
    main.o(.text.updateXPlanes) refers to common_functions.o(.text.setVoxel) for setVoxel
    main.o(.ARM.exidx.text.updateXPlanes) refers to main.o(.text.updateXPlanes) for [Anonymous Symbol]
    main.o(.text.updateYPlanes) refers to common_functions.o(.text.clearAllLeds) for clearAllLeds
    main.o(.text.updateYPlanes) refers to common_functions.o(.text.scaleBrightness) for scaleBrightness
    main.o(.text.updateYPlanes) refers to common_functions.o(.text.setVoxel) for setVoxel
    main.o(.ARM.exidx.text.updateYPlanes) refers to main.o(.text.updateYPlanes) for [Anonymous Symbol]
    main.o(.text.updateZPlanes) refers to common_functions.o(.text.clearAllLeds) for clearAllLeds
    main.o(.text.updateZPlanes) refers to common_functions.o(.text.scaleBrightness) for scaleBrightness
    main.o(.text.updateZPlanes) refers to common_functions.o(.text.setVoxel) for setVoxel
    main.o(.ARM.exidx.text.updateZPlanes) refers to main.o(.text.updateZPlanes) for [Anonymous Symbol]
    main.o(.text.drawDigit) refers to main.o(.rodata.drawDigit.digitPatterns) for drawDigit.digitPatterns
    main.o(.text.drawDigit) refers to common_functions.o(.text.setVoxel) for setVoxel
    main.o(.ARM.exidx.text.drawDigit) refers to main.o(.text.drawDigit) for [Anonymous Symbol]
    main.o(.text.updateCountdownPattern) refers to gpio.o(.text.GPIO_Button2Pressed) for GPIO_Button2Pressed
    main.o(.text.updateCountdownPattern) refers to main.o(.bss.countdownChanged) for countdownChanged
    main.o(.text.updateCountdownPattern) refers to main.o(.data.countdownValue) for countdownValue
    main.o(.text.updateCountdownPattern) refers to main.o(.bss.countdownTimer) for countdownTimer
    main.o(.text.updateCountdownPattern) refers to common_functions.o(.text.clearAllLeds) for clearAllLeds
    main.o(.text.updateCountdownPattern) refers to sinf.o(i.__hardfp_sinf) for __hardfp_sinf
    main.o(.text.updateCountdownPattern) refers to common_functions.o(.text.scaleBrightness) for scaleBrightness
    main.o(.text.updateCountdownPattern) refers to main.o(.text.drawDigit) for drawDigit
    main.o(.ARM.exidx.text.updateCountdownPattern) refers to main.o(.text.updateCountdownPattern) for [Anonymous Symbol]
    main.o(.text.updateRainPattern) refers to common_functions.o(.text.clearAllLeds) for clearAllLeds
    main.o(.text.updateRainPattern) refers to main.o(.bss.raindrops) for raindrops
    main.o(.text.updateRainPattern) refers to rand.o(.emb_text) for rand
    main.o(.text.updateRainPattern) refers to common_functions.o(.text.scaleBrightness) for scaleBrightness
    main.o(.text.updateRainPattern) refers to common_functions.o(.text.setVoxel) for setVoxel
    main.o(.ARM.exidx.text.updateRainPattern) refers to main.o(.text.updateRainPattern) for [Anonymous Symbol]
    main.o(.ARM.exidx.text.isPointOnSphere) refers to main.o(.text.isPointOnSphere) for [Anonymous Symbol]
    main.o(.text.updateSpherePattern) refers to common_functions.o(.text.clearAllLeds) for clearAllLeds
    main.o(.text.updateSpherePattern) refers to main.o(.data.sphereExpanding) for sphereExpanding
    main.o(.text.updateSpherePattern) refers to main.o(.bss.sphereRadius) for sphereRadius
    main.o(.text.updateSpherePattern) refers to common_functions.o(.text.scaleBrightness) for scaleBrightness
    main.o(.text.updateSpherePattern) refers to main.o(.text.isPointOnSphere) for isPointOnSphere
    main.o(.text.updateSpherePattern) refers to common_functions.o(.text.setVoxel) for setVoxel
    main.o(.ARM.exidx.text.updateSpherePattern) refers to main.o(.text.updateSpherePattern) for [Anonymous Symbol]
    main.o(.text.updateSpiralPattern) refers to common_functions.o(.text.clearAllLeds) for clearAllLeds
    main.o(.text.updateSpiralPattern) refers to main.o(.bss.spiralAngle) for spiralAngle
    main.o(.text.updateSpiralPattern) refers to main.o(.bss.spiralHeight) for spiralHeight
    main.o(.text.updateSpiralPattern) refers to sinf.o(i.__hardfp_sinf) for __hardfp_sinf
    main.o(.text.updateSpiralPattern) refers to cosf.o(i.__hardfp_cosf) for __hardfp_cosf
    main.o(.text.updateSpiralPattern) refers to common_functions.o(.text.scaleBrightness) for scaleBrightness
    main.o(.text.updateSpiralPattern) refers to common_functions.o(.text.setVoxel) for setVoxel
    main.o(.ARM.exidx.text.updateSpiralPattern) refers to main.o(.text.updateSpiralPattern) for [Anonymous Symbol]
    main.o(.text.main) refers to board.o(.text.Board_Init) for Board_Init
    main.o(.text.main) refers to adc.o(.text.ADC_Init) for ADC_Init
    main.o(.text.main) refers to led_cube.o(.text.Cube_Init) for Cube_Init
[...]
    ../clib/libinit.s                        0x00000000   Number         0  libinit.o ABSOLUTE
    ../clib/libinit.s                        0x00000000   Number         0  libshutdown.o ABSOLUTE
    ../clib/libinit.s                        0x00000000   Number         0  libshutdown2.o ABSOLUTE
    ../clib/signal.c                         0x00000000   Number         0  defsig_rtmem_outer.o ABSOLUTE
    ../clib/signal.c                         0x00000000   Number         0  defsig_rtmem_formal.o ABSOLUTE
    ../clib/signal.c                         0x00000000   Number         0  defsig_exit.o ABSOLUTE
    ../clib/signal.c                         0x00000000   Number         0  defsig_rtmem_inner.o ABSOLUTE
    ../clib/signal.c                         0x00000000   Number         0  __raise.o ABSOLUTE
    ../clib/signal.c                         0x00000000   Number         0  defsig_general.o ABSOLUTE
    ../clib/signal.c                         0x00000000   Number         0  defsig_abrt_inner.o ABSOLUTE
    ../clib/signal.c                         0x00000000   Number         0  defsig_fpe_inner.o ABSOLUTE
    ../clib/signal.c                         0x00000000   Number         0  defsig_rtred_inner.o ABSOLUTE
    ../clib/signal.c                         0x00000000   Number         0  defsig_stak_inner.o ABSOLUTE
    ../clib/signal.c                         0x00000000   Number         0  defsig_pvfn_inner.o ABSOLUTE
    ../clib/signal.c                         0x00000000   Number         0  defsig_cppl_inner.o ABSOLUTE
    ../clib/signal.c                         0x00000000   Number         0  defsig_segv_inner.o ABSOLUTE
    ../clib/signal.c                         0x00000000   Number         0  defsig_other.o ABSOLUTE
    ../clib/signal.s                         0x00000000   Number         0  defsig.o ABSOLUTE
    ../clib/stdlib.c                         0x00000000   Number         0  rand.o ABSOLUTE
    ../clib/stdlib.c                         0x00000000   Number         0  rand.o ABSOLUTE
    ../clib/stdlib.c                         0x00000000   Number         0  exit.o ABSOLUTE
    ../fplib/dcmp.s                          0x00000000   Number         0  dcmp.o ABSOLUTE
    ../fplib/dcmpi.s                         0x00000000   Number         0  dcmpi.o ABSOLUTE
    ../fplib/deqf.s                          0x00000000   Number         0  deqf.o ABSOLUTE
    ../fplib/dflt.s                          0x00000000   Number         0  dflt_clz.o ABSOLUTE
    ../fplib/dgeqf.s                         0x00000000   Number         0  dgeqf.o ABSOLUTE
    ../fplib/dleqf.s                         0x00000000   Number         0  dleqf.o ABSOLUTE
    ../fplib/dnaninf.s                       0x00000000   Number         0  dnaninf.o ABSOLUTE
    ../fplib/fnaninf.s                       0x00000000   Number         0  fnaninf.o ABSOLUTE
    ../fplib/fpinit.s                        0x00000000   Number         0  fpinit.o ABSOLUTE
    ../fplib/frem.s                          0x00000000   Number         0  frem_clz.o ABSOLUTE
    ../fplib/usenofp.s                       0x00000000   Number         0  usenofp.o ABSOLUTE
    ../mathlib/cosf.c                        0x00000000   Number         0  cosf.o ABSOLUTE
    ../mathlib/fmodf.c                       0x00000000   Number         0  fmodf.o ABSOLUTE
    ../mathlib/fpclassifyf.c                 0x00000000   Number         0  fpclassifyf.o ABSOLUTE
    ../mathlib/funder.c                      0x00000000   Number         0  funder.o ABSOLUTE
    ../mathlib/rredf.c                       0x00000000   Number         0  rredf.o ABSOLUTE
    ../mathlib/sinf.c                        0x00000000   Number         0  sinf.o ABSOLUTE
    ../mathlib/sqrtf.c                       0x00000000   Number         0  sqrtf.o ABSOLUTE
    ADC.c                                    0x00000000   Number         0  adc.o ABSOLUTE
    GPIO.c                                   0x00000000   Number         0  gpio.o ABSOLUTE
    RTE/Device/TM4C123GH6PM/startup_TM4C123.s 0x00000000   Number         0  startup_tm4c123.o ABSOLUTE
    SysTick_Delay.c                          0x00000000   Number         0  systick_delay.o ABSOLUTE
    Timers.c                                 0x00000000   Number         0  timers.o ABSOLUTE
    WS2812.c                                 0x00000000   Number         0  ws2812.o ABSOLUTE
    additional_patterns.c                    0x00000000   Number         0  additional_patterns.o ABSOLUTE
    advanced_patterns.c                      0x00000000   Number         0  advanced_patterns.o ABSOLUTE
    board.c                                  0x00000000   Number         0  board.o ABSOLUTE
    common_functions.c                       0x00000000   Number         0  common_functions.o ABSOLUTE
    dc.s                                     0x00000000   Number         0  dc.o ABSOLUTE
    helper_functions.c                       0x00000000   Number         0  helper_functions.o ABSOLUTE
    led_cube.c                               0x00000000   Number         0  led_cube.o ABSOLUTE
    main.c                                   0x00000000   Number         0  main.o ABSOLUTE
    pattern_functions.c                      0x00000000   Number         0  pattern_functions.o ABSOLUTE
    patterns.c                               0x00000000   Number         0  patterns.o ABSOLUTE
    system_TM4C123.c                         0x00000000   Number         0  system_tm4c123.o ABSOLUTE
    RESET                                    0x00000000   Section      620  startup_tm4c123.o(RESET)
    !!!main                                  0x0000026c   Section        8  __main.o(!!!main)
    !!!scatter                               0x00000274   Section       92  __scatter.o(!!!scatter)
    !!handler_copy                           0x000002d0   Section       26  __scatter_copy.o(!!handler_copy)
    !!handler_null                           0x000002ec   Section        2  __scatter.o(!!handler_null)
    !!handler_zi                             0x000002f0   Section       28  __scatter_zi.o(!!handler_zi)
    .ARM.Collect$$libinit$$00000000          0x0000030c   Section        2  libinit.o(.ARM.Collect$$libinit$$00000000)
    .ARM.Collect$$libinit$$00000001          0x0000030e   Section        4  libinit2.o(.ARM.Collect$$libinit$$00000001)
    .ARM.Collect$$libinit$$00000004          0x00000312   Section        0  libinit2.o(.ARM.Collect$$libinit$$00000004)
    .ARM.Collect$$libinit$$00000006          0x00000312   Section        0  libinit2.o(.ARM.Collect$$libinit$$00000006)
    .ARM.Collect$$libinit$$0000000C          0x00000312   Section        0  libinit2.o(.ARM.Collect$$libinit$$0000000C)
    .ARM.Collect$$libinit$$0000000E          0x00000312   Section        0  libinit2.o(.ARM.Collect$$libinit$$0000000E)
    .ARM.Collect$$libinit$$0000000F          0x00000312   Section        4  libinit2.o(.ARM.Collect$$libinit$$0000000F)
    .ARM.Collect$$libinit$$00000010          0x00000316   Section        0  libinit2.o(.ARM.Collect$$libinit$$00000010)
    .ARM.Collect$$libinit$$00000013          0x00000316   Section        0  libinit2.o(.ARM.Collect$$libinit$$00000013)
    .ARM.Collect$$libinit$$00000015          0x00000316   Section        0  libinit2.o(.ARM.Collect$$libinit$$00000015)
    .ARM.Collect$$libinit$$00000017          0x00000316   Section        0  libinit2.o(.ARM.Collect$$libinit$$00000017)
    .ARM.Collect$$libinit$$00000019          0x00000316   Section        0  libinit2.o(.ARM.Collect$$libinit$$00000019)
    .ARM.Collect$$libinit$$0000001B          0x00000316   Section        0  libinit2.o(.ARM.Collect$$libinit$$0000001B)
    .ARM.Collect$$libinit$$0000001D          0x00000316   Section        0  libinit2.o(.ARM.Collect$$libinit$$0000001D)
    .ARM.Collect$$libinit$$0000001F          0x00000316   Section        0  libinit2.o(.ARM.Collect$$libinit$$0000001F)
    .ARM.Collect$$libinit$$00000021          0x00000316   Section        0  libinit2.o(.ARM.Collect$$libinit$$00000021)
    .ARM.Collect$$libinit$$00000023          0x00000316   Section        0  libinit2.o(.ARM.Collect$$libinit$$00000023)
    .ARM.Collect$$libinit$$00000025          0x00000316   Section        0  libinit2.o(.ARM.Collect$$libinit$$00000025)
    .ARM.Collect$$libinit$$00000027          0x00000316   Section        0  libinit2.o(.ARM.Collect$$libinit$$00000027)
    .ARM.Collect$$libinit$$0000002E          0x00000316   Section        0  libinit2.o(.ARM.Collect$$libinit$$0000002E)
    .ARM.Collect$$libinit$$00000030          0x00000316   Section        0  libinit2.o(.ARM.Collect$$libinit$$00000030)
    .ARM.Collect$$libinit$$00000032          0x00000316   Section        0  libinit2.o(.ARM.Collect$$libinit$$00000032)
    .ARM.Collect$$libinit$$00000034          0x00000316   Section        0  libinit2.o(.ARM.Collect$$libinit$$00000034)
    .ARM.Collect$$libinit$$00000035          0x00000316   Section        2  libinit2.o(.ARM.Collect$$libinit$$00000035)
    .ARM.Collect$$libshutdown$$00000000      0x00000318   Section        2  libshutdown.o(.ARM.Collect$$libshutdown$$00000000)
    .ARM.Collect$$libshutdown$$00000002      0x0000031a   Section        0  libshutdown2.o(.ARM.Collect$$libshutdown$$00000002)
    .ARM.Collect$$libshutdown$$00000004      0x0000031a   Section        0  libshutdown2.o(.ARM.Collect$$libshutdown$$00000004)
    .ARM.Collect$$libshutdown$$00000007      0x0000031a   Section        0  libshutdown2.o(.ARM.Collect$$libshutdown$$00000007)
    .ARM.Collect$$libshutdown$$0000000A      0x0000031a   Section        0  libshutdown2.o(.ARM.Collect$$libshutdown$$0000000A)
    .ARM.Collect$$libshutdown$$0000000C      0x0000031a   Section        0  libshutdown2.o(.ARM.Collect$$libshutdown$$0000000C)
    .ARM.Collect$$libshutdown$$0000000F      0x0000031a   Section        0  libshutdown2.o(.ARM.Collect$$libshutdown$$0000000F)
    .ARM.Collect$$libshutdown$$00000010      0x0000031a   Section        2  libshutdown2.o(.ARM.Collect$$libshutdown$$00000010)
    .ARM.Collect$$rtentry$$00000000          0x0000031c   Section        0  __rtentry.o(.ARM.Collect$$rtentry$$00000000)
    .ARM.Collect$$rtentry$$00000002          0x0000031c   Section        0  __rtentry2.o(.ARM.Collect$$rtentry$$00000002)
    .ARM.Collect$$rtentry$$00000004          0x0000031c   Section        6  __rtentry4.o(.ARM.Collect$$rtentry$$00000004)
    .ARM.Collect$$rtentry$$00000009          0x00000322   Section        0  __rtentry2.o(.ARM.Collect$$rtentry$$00000009)
    .ARM.Collect$$rtentry$$0000000A          0x00000322   Section        4  __rtentry2.o(.ARM.Collect$$rtentry$$0000000A)
    .ARM.Collect$$rtentry$$0000000C          0x00000326   Section        0  __rtentry2.o(.ARM.Collect$$rtentry$$0000000C)
    .ARM.Collect$$rtentry$$0000000D          0x00000326   Section        8  __rtentry2.o(.ARM.Collect$$rtentry$$0000000D)
    .ARM.Collect$$rtexit$$00000000           0x0000032e   Section        2  rtexit.o(.ARM.Collect$$rtexit$$00000000)
    .ARM.Collect$$rtexit$$00000002           0x00000330   Section        0  rtexit2.o(.ARM.Collect$$rtexit$$00000002)
    .ARM.Collect$$rtexit$$00000003           0x00000330   Section        4  rtexit2.o(.ARM.Collect$$rtexit$$00000003)
    .ARM.Collect$$rtexit$$00000004           0x00000334   Section        6  rtexit2.o(.ARM.Collect$$rtexit$$00000004)
    .emb_text                                0x0000033c   Section       52  rand.o(.emb_text)
    $v0                                      0x00000370   Number         0  startup_tm4c123.o(.text)
    .text                                    0x00000370   Section      276  startup_tm4c123.o(.text)
    .text                                    0x00000484   Section        0  rand.o(.text)
    .text                                    0x000004c0   Section        0  heapauxi.o(.text)
    .text                                    0x000004c6   Section        0  _rserrno.o(.text)
    .text                                    0x000004dc   Section        8  rt_errno_addr_intlibspace.o(.text)
    .text                                    0x000004e4   Section        8  libspace.o(.text)
    .text                                    0x000004ec   Section       74  sys_stackheap_outer.o(.text)
    .text                                    0x00000536   Section        0  exit.o(.text)
    .text                                    0x00000548   Section        2  use_no_semi.o(.text)
    .text                                    0x0000054a   Section        0  indicate_semi.o(.text)
    .text                                    0x0000054c   Section        0  sys_exit.o(.text)
    [Anonymous Symbol]                       0x00000558   Section        0  adc.o(.text.ADC0_ReadChannel)
    [Anonymous Symbol]                       0x000005bc   Section        0  adc.o(.text.ADC_Init)
    [Anonymous Symbol]                       0x00000658   Section        0  board.o(.text.Board_Init)
    [Anonymous Symbol]                       0x000006c0   Section        0  led_cube.o(.text.Cube_Clear)
    [Anonymous Symbol]                       0x00000790   Section        0  led_cube.o(.text.Cube_Init)
    [Anonymous Symbol]                       0x00000798   Section        0  gpio.o(.text.GPIO_Button1Pressed)
    [Anonymous Symbol]                       0x000007b0   Section        0  gpio.o(.text.GPIO_Button2Pressed)
    [Anonymous Symbol]                       0x000007c0   Section        0  gpio.o(.text.GPIO_Init_ButtonsAndPot)
    [Anonymous Symbol]                       0x0000087c   Section        0  board.o(.text.PLL_Init)
    [Anonymous Symbol]                       0x000008f8   Section        0  systick_delay.o(.text.SysTick_Delay)
    [Anonymous Symbol]                       0x00000928   Section        0  systick_delay.o(.text.SysTick_Init)
    [Anonymous Symbol]                       0x00000954   Section        0  systick_delay.o(.text.SysTick_Wait)
    [Anonymous Symbol]                       0x0000098c   Section        0  system_tm4c123.o(.text.SystemInit)
    [Anonymous Symbol]                       0x00000a98   Section        0  ws2812.o(.text.WS2812_Init)
    [Anonymous Symbol]                       0x00000b60   Section        0  ws2812.o(.text.WS2812_Show)
    [Anonymous Symbol]                       0x00000cc8   Section        0  common_functions.o(.text.clearAllLeds)
    countDeadLEDsBefore                      0x00000d05   Thumb Code    80  common_functions.o(.text.countDeadLEDsBefore)
    [Anonymous Symbol]                       0x00000d04   Section        0  common_functions.o(.text.countDeadLEDsBefore)
    [Anonymous Symbol]                       0x00000d54   Section        0  advanced_patterns.o(.text.countNeighbors3D)
    [Anonymous Symbol]                       0x00000e54   Section        0  main.o(.text.drawDigit)
    [Anonymous Symbol]                       0x00000f74   Section        0  advanced_patterns.o(.text.drawLine3D)
    encodeByte                               0x000010d5   Thumb Code    80  ws2812.o(.text.encodeByte)
    [Anonymous Symbol]                       0x000010d4   Section        0  ws2812.o(.text.encodeByte)
    [Anonymous Symbol]                       0x00001124   Section        0  additional_patterns.o(.text.initFireworksPattern)
    [Anonymous Symbol]                       0x00001160   Section        0  advanced_patterns.o(.text.initGameOfLife3D)
    [Anonymous Symbol]                       0x0000121c   Section        0  additional_patterns.o(.text.initRainPattern)
    [Anonymous Symbol]                       0x0000124c   Section        0  additional_patterns.o(.text.initRainRGBPattern)
    [Anonymous Symbol]                       0x00001280   Section        0  advanced_patterns.o(.text.initSnake3D)
    [Anonymous Symbol]                       0x000013e4   Section        0  main.o(.text.isPointOnSphere)
    [Anonymous Symbol]                       0x00001460   Section        0  main.o(.text.main)
    mainIsDeadLED                            0x000016c9   Thumb Code    82  common_functions.o(.text.mainIsDeadLED)
    [Anonymous Symbol]                       0x000016c8   Section        0  common_functions.o(.text.mainIsDeadLED)
    [Anonymous Symbol]                       0x0000171c   Section        0  advanced_patterns.o(.text.placeFood)
    [Anonymous Symbol]                       0x0000188c   Section        0  advanced_patterns.o(.text.resetGameOfLife3D)
    [Anonymous Symbol]                       0x0000189c   Section        0  advanced_patterns.o(.text.resetSnake3D)
    [Anonymous Symbol]                       0x000018ac   Section        0  common_functions.o(.text.scaleBrightness)
    [Anonymous Symbol]                       0x0000193c   Section        0  common_functions.o(.text.setLedColor)
    [Anonymous Symbol]                       0x000019d0   Section        0  common_functions.o(.text.setVoxel)
    [Anonymous Symbol]                       0x00001a78   Section        0  pattern_functions.o(.text.showSelectedPattern)
    [Anonymous Symbol]                       0x00001bec   Section        0  common_functions.o(.text.updateBrightness)
    [Anonymous Symbol]                       0x00001c48   Section        0  main.o(.text.updateCountdownPattern)
    [Anonymous Symbol]                       0x00001e58   Section        0  advanced_patterns.o(.text.updateCubeInCubePattern)
    [Anonymous Symbol]                       0x000022e8   Section        0  advanced_patterns.o(.text.updateDNAPattern)
    [Anonymous Symbol]                       0x00002750   Section        0  additional_patterns.o(.text.updateFireworksPattern)
    __arm_cp.3_7                             0x00002b34   Number         4  additional_patterns.o(.text.updateFireworksPattern)
    __arm_cp.3_8                             0x00002b38   Number         4  additional_patterns.o(.text.updateFireworksPattern)
    __arm_cp.3_10                            0x00002b40   Number         4  additional_patterns.o(.text.updateFireworksPattern)
    [Anonymous Symbol]                       0x00002f60   Section        0  advanced_patterns.o(.text.updateGameOfLife3D)
    [Anonymous Symbol]                       0x000033d8   Section        0  pattern_functions.o(.text.updatePattern)
    [Anonymous Symbol]                       0x00003510   Section        0  advanced_patterns.o(.text.updatePlasmaPattern)
    [Anonymous Symbol]                       0x0000384c   Section        0  main.o(.text.updateRainPattern)
    [Anonymous Symbol]                       0x00003ae8   Section        0  additional_patterns.o(.text.updateRainRGBPattern)
    [Anonymous Symbol]                       0x00003f98   Section        0  advanced_patterns.o(.text.updateSnake3DPattern)
    [Anonymous Symbol]                       0x000044e4   Section        0  main.o(.text.updateSpherePattern)
    [Anonymous Symbol]                       0x00004754   Section        0  additional_patterns.o(.text.updateSpinningPlanePattern)
    [Anonymous Symbol]                       0x000049f4   Section        0  main.o(.text.updateSpiralPattern)
    [Anonymous Symbol]                       0x00004c78   Section        0  advanced_patterns.o(.text.updateTextScrollerPattern)
    [Anonymous Symbol]                       0x00004e88   Section        0  additional_patterns.o(.text.updateWavePattern)
    [Anonymous Symbol]                       0x00005068   Section        0  main.o(.text.updateXPlanes)
    [Anonymous Symbol]                       0x00005144   Section        0  main.o(.text.updateYPlanes)
    [Anonymous Symbol]                       0x00005224   Section        0  main.o(.text.updateZPlanes)
    i.__ARM_fpclassifyf                      0x00005300   Section        0  fpclassifyf.o(i.__ARM_fpclassifyf)
    i.__hardfp_cosf                          0x00005328   Section        0  cosf.o(i.__hardfp_cosf)
    i.__hardfp_fmodf                         0x00005478   Section        0  fmodf.o(i.__hardfp_fmodf)
    i.__hardfp_sinf                          0x00005528   Section        0  sinf.o(i.__hardfp_sinf)
    i.__hardfp_sqrtf                         0x000056b8   Section        0  sqrtf.o(i.__hardfp_sqrtf)
    i.__mathlib_flt_infnan                   0x000056f2   Section        0  funder.o(i.__mathlib_flt_infnan)
    i.__mathlib_flt_invalid                  0x000056f8   Section        0  funder.o(i.__mathlib_flt_invalid)
    i.__mathlib_flt_underflow                0x00005708   Section        0  funder.o(i.__mathlib_flt_underflow)
    i.__mathlib_rredf2                       0x00005718   Section        0  rredf.o(i.__mathlib_rredf2)
    $v0                                      0x0000586c   Number         0  dcmpi.o(x$fpl$dcmpinf)
    x$fpl$dcmpinf                            0x0000586c   Section       24  dcmpi.o(x$fpl$dcmpinf)
    $v0                                      0x00005884   Number         0  deqf.o(x$fpl$deqf)
    x$fpl$deqf                               0x00005884   Section      120  deqf.o(x$fpl$deqf)
    $v0                                      0x000058fc   Number         0  dflt_clz.o(x$fpl$dflt)
    x$fpl$dflt                               0x000058fc   Section       46  dflt_clz.o(x$fpl$dflt)
    $v0                                      0x0000592c   Number         0  dgeqf.o(x$fpl$dgeqf)
    x$fpl$dgeqf                              0x0000592c   Section      120  dgeqf.o(x$fpl$dgeqf)
    $v0                                      0x000059a4   Number         0  dleqf.o(x$fpl$dleqf)
    x$fpl$dleqf                              0x000059a4   Section      120  dleqf.o(x$fpl$dleqf)
    $v0                                      0x00005a1c   Number         0  dnaninf.o(x$fpl$dnaninf)
    x$fpl$dnaninf                            0x00005a1c   Section      156  dnaninf.o(x$fpl$dnaninf)
    $v0                                      0x00005ab8   Number         0  dcmp.o(x$fpl$fcmp)
    x$fpl$fcmp                               0x00005ab8   Section       84  dcmp.o(x$fpl$fcmp)
    $v0                                      0x00005b0c   Number         0  fnaninf.o(x$fpl$fnaninf)
    x$fpl$fnaninf                            0x00005b0c   Section      140  fnaninf.o(x$fpl$fnaninf)
    $v0                                      0x00005b98   Number         0  fpinit.o(x$fpl$fpinit)
    x$fpl$fpinit                             0x00005b98   Section       26  fpinit.o(x$fpl$fpinit)
    $v0                                      0x00005bb4   Number         0  frem_clz.o(x$fpl$frem)
    x$fpl$frem                               0x00005bb4   Section      244  frem_clz.o(x$fpl$frem)
    twooverpi                                0x00005ca8   Data          32  rredf.o(.constdata)
    .constdata                               0x00005ca8   Section       32  rredf.o(.constdata)
    x$fpl$usenofp                            0x00005ca8   Section        0  usenofp.o(x$fpl$usenofp)
    charMap                                  0x00005cc8   Data         896  advanced_patterns.o(.rodata.charMap)
    [Anonymous Symbol]                       0x00005cc8   Section        0  advanced_patterns.o(.rodata.charMap)
    drawDigit.digitPatterns                  0x00006048   Data         490  main.o(.rodata.drawDigit.digitPatterns)
    [Anonymous Symbol]                       0x00006048   Section        0  main.o(.rodata.drawDigit.digitPatterns)
    mainDeadLEDs                             0x000064e0   Data          14  common_functions.o(.rodata.mainDeadLEDs)
    [Anonymous Symbol]                       0x000064e0   Section        0  common_functions.o(.rodata.mainDeadLEDs)
    [Anonymous Symbol]                       0x000064ee   Section        0  advanced_patterns.o(.rodata.str1.1)
    countdownValue                           0x20000000   Data           1  main.o(.data.countdownValue)
    [Anonymous Symbol]                       0x20000000   Section        0  main.o(.data.countdownValue)
    expandingCube                            0x20000001   Data           1  advanced_patterns.o(.data.expandingCube)
    [Anonymous Symbol]                       0x20000001   Section        0  advanced_patterns.o(.data.expandingCube)
    gameOfLifeReset                          0x20000002   Data           1  advanced_patterns.o(.data.gameOfLifeReset)
    [Anonymous Symbol]                       0x20000002   Section        0  advanced_patterns.o(.data.gameOfLifeReset)
    snakeReset                               0x20000003   Data           1  advanced_patterns.o(.data.snakeReset)
    [Anonymous Symbol]                       0x20000003   Section        0  advanced_patterns.o(.data.snakeReset)
    sphereExpanding                          0x20000004   Data           1  main.o(.data.sphereExpanding)
    [Anonymous Symbol]                       0x20000004   Section        0  main.o(.data.sphereExpanding)
    textScroller                             0x20000008   Data           8  advanced_patterns.o(.data.textScroller)
    [Anonymous Symbol]                       0x20000008   Section        0  advanced_patterns.o(.data.textScroller)
    .bss                                     0x20000010   Section      228  rand.o(.bss)
    .bss                                     0x200000f4   Section       96  libspace.o(.bss)
    cellGrid                                 0x20000154   Data         343  advanced_patterns.o(.bss.cellGrid)
    [Anonymous Symbol]                       0x20000154   Section        0  advanced_patterns.o(.bss.cellGrid)
    countdownChanged                         0x200002ab   Data           1  main.o(.bss.countdownChanged)
    [Anonymous Symbol]                       0x200002ab   Section        0  main.o(.bss.countdownChanged)
    countdownTimer                           0x200002ac   Data           4  main.o(.bss.countdownTimer)
    [Anonymous Symbol]                       0x200002ac   Section        0  main.o(.bss.countdownTimer)
    cubeScale                                0x200002b0   Data           1  advanced_patterns.o(.bss.cubeScale)
    [Anonymous Symbol]                       0x200002b0   Section        0  advanced_patterns.o(.bss.cubeScale)
    dirX                                     0x200002b3   Data           1  advanced_patterns.o(.bss.dirX)
    [Anonymous Symbol]                       0x200002b3   Section        0  advanced_patterns.o(.bss.dirX)
    dirY                                     0x200002b4   Data           1  advanced_patterns.o(.bss.dirY)
    [Anonymous Symbol]                       0x200002b4   Section        0  advanced_patterns.o(.bss.dirY)
    dirZ                                     0x200002b5   Data           1  advanced_patterns.o(.bss.dirZ)
    [Anonymous Symbol]                       0x200002b5   Section        0  advanced_patterns.o(.bss.dirZ)
    dnaRotation                              0x200002b6   Data           1  advanced_patterns.o(.bss.dnaRotation)
    [Anonymous Symbol]                       0x200002b6   Section        0  advanced_patterns.o(.bss.dnaRotation)
    fireworksTimer                           0x200002b7   Data           1  additional_patterns.o(.bss.fireworksTimer)
    [Anonymous Symbol]                       0x200002b7   Section        0  additional_patterns.o(.bss.fireworksTimer)
    foodX                                    0x200002b8   Data           1  advanced_patterns.o(.bss.foodX)
    [Anonymous Symbol]                       0x200002b8   Section        0  advanced_patterns.o(.bss.foodX)
    foodY                                    0x200002b9   Data           1  advanced_patterns.o(.bss.foodY)
    [Anonymous Symbol]                       0x200002b9   Section        0  advanced_patterns.o(.bss.foodY)
    foodZ                                    0x200002ba   Data           1  advanced_patterns.o(.bss.foodZ)
    [Anonymous Symbol]                       0x200002ba   Section        0  advanced_patterns.o(.bss.foodZ)
    frame                                    0x200002bb   Data        1029  led_cube.o(.bss.frame)
    [Anonymous Symbol]                       0x200002bb   Section        0  led_cube.o(.bss.frame)
    ledBuffer                                0x200006c0   Data        1029  led_cube.o(.bss.ledBuffer)
    [Anonymous Symbol]                       0x200006c0   Section        0  led_cube.o(.bss.ledBuffer)
    nextGrid                                 0x20000ac5   Data         343  advanced_patterns.o(.bss.nextGrid)
    [Anonymous Symbol]                       0x20000ac5   Section        0  advanced_patterns.o(.bss.nextGrid)
    particles                                0x20000c1c   Data        1600  additional_patterns.o(.bss.particles)
    [Anonymous Symbol]                       0x20000c1c   Section        0  additional_patterns.o(.bss.particles)
    planeAngle                               0x2000125c   Data           1  additional_patterns.o(.bss.planeAngle)
    [Anonymous Symbol]                       0x2000125c   Section        0  additional_patterns.o(.bss.planeAngle)
    plasmaOffset                             0x2000125d   Data           1  advanced_patterns.o(.bss.plasmaOffset)
    [Anonymous Symbol]                       0x2000125d   Section        0  advanced_patterns.o(.bss.plasmaOffset)
    raindrops                                0x2000125e   Data          60  main.o(.bss.raindrops)
    [Anonymous Symbol]                       0x2000125e   Section        0  main.o(.bss.raindrops)
    raindrops                                0x2000129a   Data          60  additional_patterns.o(.bss.raindrops)
    [Anonymous Symbol]                       0x2000129a   Section        0  additional_patterns.o(.bss.raindrops)
    rgbDrops                                 0x200012d6   Data         140  additional_patterns.o(.bss.rgbDrops)
    [Anonymous Symbol]                       0x200012d6   Section        0  additional_patterns.o(.bss.rgbDrops)
    snakeLength                              0x20001362   Data           1  advanced_patterns.o(.bss.snakeLength)
    [Anonymous Symbol]                       0x20001362   Section        0  advanced_patterns.o(.bss.snakeLength)
    snakeX                                   0x20001363   Data          50  advanced_patterns.o(.bss.snakeX)
    [Anonymous Symbol]                       0x20001363   Section        0  advanced_patterns.o(.bss.snakeX)
    snakeY                                   0x20001395   Data          50  advanced_patterns.o(.bss.snakeY)
    [Anonymous Symbol]                       0x20001395   Section        0  advanced_patterns.o(.bss.snakeY)
    snakeZ                                   0x200013c7   Data          50  advanced_patterns.o(.bss.snakeZ)
    [Anonymous Symbol]                       0x200013c7   Section        0  advanced_patterns.o(.bss.snakeZ)
    sphereRadius                             0x200013f9   Data           1  main.o(.bss.sphereRadius)
    [Anonymous Symbol]                       0x200013f9   Section        0  main.o(.bss.sphereRadius)
    spiBuf                                   0x200013fa   Data       24696  ws2812.o(.bss.spiBuf)
    [Anonymous Symbol]                       0x200013fa   Section        0  ws2812.o(.bss.spiBuf)
    spiralAngle                              0x20007472   Data           1  main.o(.bss.spiralAngle)
    [Anonymous Symbol]                       0x20007472   Section        0  main.o(.bss.spiralAngle)
    spiralHeight                             0x20007473   Data           1  main.o(.bss.spiralHeight)
    [Anonymous Symbol]                       0x20007473   Section        0  main.o(.bss.spiralHeight)
    waveOffset                               0x20007879   Data           1  additional_patterns.o(.bss.waveOffset)
    [Anonymous Symbol]                       0x20007879   Section        0  additional_patterns.o(.bss.waveOffset)
    Heap_Mem                                 0x20007880   Data           0  startup_tm4c123.o(HEAP)
    Stack_Mem                                0x20007880   Data         512  startup_tm4c123.o(STACK)
    HEAP                                     0x20007880   Section        0  startup_tm4c123.o(HEAP)
    STACK                                    0x20007880   Section      512  startup_tm4c123.o(STACK)
    __initial_sp                             0x20007a80   Data           0  startup_tm4c123.o(STACK)

    Global Symbols

    Symbol Name                              Value     Ov Type        Size  Object(Section)

    BuildAttributes$$THM_ISAv4$E$P$D$K$B$S$7EM$VFPi3$EXTD16$VFPS$VFMA$PE$A:L22UL41UL21$X:L11$S22US41US21$IEEE1$IW$~IW$USESV6$~STKCKD$USESV7$~SHL$OTIME$ROPI$IEEEX$EBA8$UX$STANDARDLIB$REQ8$PRES8$EABIv2 0x00000000   Number         0  anon$$obj.o ABSOLUTE
    __Vectors                                0x00000000   Data           4  startup_tm4c123.o(RESET)
    __ARM_exceptions_init                     - Undefined Weak Reference
    __alloca_initialize                       - Undefined Weak Reference
    __arm_preinit_                            - Undefined Weak Reference
    __arm_relocate_pie_                       - Undefined Weak Reference
    __cpp_initialize__aeabi_                  - Undefined Weak Reference
    __cxa_finalize                            - Undefined Weak Reference
    __rt_locale                               - Undefined Weak Reference
    __sigvec_lookup                           - Undefined Weak Reference
    _atexit_init                              - Undefined Weak Reference
    _call_atexit_fns                          - Undefined Weak Reference
    _clock_init                               - Undefined Weak Reference
    _fp_trap_init                             - Undefined Weak Reference
    _fp_trap_shutdown                         - Undefined Weak Reference
    _get_lc_collate                           - Undefined Weak Reference
    _get_lc_ctype                             - Undefined Weak Reference
    _get_lc_monetary                          - Undefined Weak Reference
    _get_lc_numeric                           - Undefined Weak Reference
    _get_lc_time                              - Undefined Weak Reference
    _getenv_init                              - Undefined Weak Reference
    _handle_redirection                       - Undefined Weak Reference
    _init_alloc                               - Undefined Weak Reference
    _init_user_alloc                          - Undefined Weak Reference
    _initio                                   - Undefined Weak Reference
    _signal_finish                            - Undefined Weak Reference
    _signal_init                              - Undefined Weak Reference
    _terminate_alloc                          - Undefined Weak Reference
    _terminate_user_alloc                     - Undefined Weak Reference
    _terminateio                              - Undefined Weak Reference
    __Vectors_End                            0x0000026c   Data           0  startup_tm4c123.o(RESET)
    __Vectors_Size                           0x0000026c   Number         0  startup_tm4c123.o ABSOLUTE
    __main                                   0x0000026d   Thumb Code     8  __main.o(!!!main)
    __scatterload                            0x00000275   Thumb Code     0  __scatter.o(!!!scatter)
    __scatterload_rt2                        0x00000275   Thumb Code    84  __scatter.o(!!!scatter)
    __scatterload_rt2_thumb_only             0x00000275   Thumb Code     0  __scatter.o(!!!scatter)
    __scatterload_loop                       0x0000027f   Thumb Code     0  __scatter.o(!!!scatter)
    __scatterload_copy                       0x000002d1   Thumb Code    26  __scatter_copy.o(!!handler_copy)
    __scatterload_null                       0x000002ed   Thumb Code     2  __scatter.o(!!handler_null)
    __scatterload_zeroinit                   0x000002f1   Thumb Code    28  __scatter_zi.o(!!handler_zi)
    __rt_lib_init                            0x0000030d   Thumb Code     0  libinit.o(.ARM.Collect$$libinit$$00000000)
    __rt_lib_init_fp_1                       0x0000030f   Thumb Code     0  libinit2.o(.ARM.Collect$$libinit$$00000001)
    __rt_lib_init_heap_1                     0x00000313   Thumb Code     0  libinit2.o(.ARM.Collect$$libinit$$0000000C)
    __rt_lib_init_preinit_1                  0x00000313   Thumb Code     0  libinit2.o(.ARM.Collect$$libinit$$00000006)
    __rt_lib_init_rand_2                     0x00000313   Thumb Code     0  libinit2.o(.ARM.Collect$$libinit$$0000000F)
    __rt_lib_init_relocate_pie_1             0x00000313   Thumb Code     0  libinit2.o(.ARM.Collect$$libinit$$00000004)
    __rt_lib_init_user_alloc_1               0x00000313   Thumb Code     0  libinit2.o(.ARM.Collect$$libinit$$0000000E)
    __rt_lib_init_alloca_1                   0x00000317   Thumb Code     0  libinit2.o(.ARM.Collect$$libinit$$00000030)
    __rt_lib_init_argv_1                     0x00000317   Thumb Code     0  libinit2.o(.ARM.Collect$$libinit$$0000002E)
    __rt_lib_init_atexit_1                   0x00000317   Thumb Code     0  libinit2.o(.ARM.Collect$$libinit$$0000001D)
    __rt_lib_init_clock_1                    0x00000317   Thumb Code     0  libinit2.o(.ARM.Collect$$libinit$$00000023)
    __rt_lib_init_cpp_1                      0x00000317   Thumb Code     0  libinit2.o(.ARM.Collect$$libinit$$00000034)
    __rt_lib_init_exceptions_1               0x00000317   Thumb Code     0  libinit2.o(.ARM.Collect$$libinit$$00000032)
    __rt_lib_init_fp_trap_1                  0x00000317   Thumb Code     0  libinit2.o(.ARM.Collect$$libinit$$00000021)
    __rt_lib_init_getenv_1                   0x00000317   Thumb Code     0  libinit2.o(.ARM.Collect$$libinit$$00000025)
    __rt_lib_init_lc_collate_1               0x00000317   Thumb Code     0  libinit2.o(.ARM.Collect$$libinit$$00000013)
    __rt_lib_init_lc_ctype_1                 0x00000317   Thumb Code     0  libinit2.o(.ARM.Collect$$libinit$$00000015)
    __rt_lib_init_lc_monetary_1              0x00000317   Thumb Code     0  libinit2.o(.ARM.Collect$$libinit$$00000017)
    __rt_lib_init_lc_numeric_1               0x00000317   Thumb Code     0  libinit2.o(.ARM.Collect$$libinit$$00000019)
    __rt_lib_init_lc_time_1                  0x00000317   Thumb Code     0  libinit2.o(.ARM.Collect$$libinit$$0000001B)
    __rt_lib_init_rand_1                     0x00000317   Thumb Code     0  libinit2.o(.ARM.Collect$$libinit$$00000010)
    __rt_lib_init_return                     0x00000317   Thumb Code     0  libinit2.o(.ARM.Collect$$libinit$$00000035)
    __rt_lib_init_signal_1                   0x00000317   Thumb Code     0  libinit2.o(.ARM.Collect$$libinit$$0000001F)
    __rt_lib_init_stdio_1                    0x00000317   Thumb Code     0  libinit2.o(.ARM.Collect$$libinit$$00000027)
    __rt_lib_shutdown                        0x00000319   Thumb Code     0  libshutdown.o(.ARM.Collect$$libshutdown$$00000000)
    __rt_lib_shutdown_cpp_1                  0x0000031b   Thumb Code     0  libshutdown2.o(.ARM.Collect$$libshutdown$$00000002)
    __rt_lib_shutdown_fp_trap_1              0x0000031b   Thumb Code     0  libshutdown2.o(.ARM.Collect$$libshutdown$$00000007)
    __rt_lib_shutdown_heap_1                 0x0000031b   Thumb Code     0  libshutdown2.o(.ARM.Collect$$libshutdown$$0000000F)
    __rt_lib_shutdown_return                 0x0000031b   Thumb Code     0  libshutdown2.o(.ARM.Collect$$libshutdown$$00000010)
    __rt_lib_shutdown_signal_1               0x0000031b   Thumb Code     0  libshutdown2.o(.ARM.Collect$$libshutdown$$0000000A)
    __rt_lib_shutdown_stdio_1                0x0000031b   Thumb Code     0  libshutdown2.o(.ARM.Collect$$libshutdown$$00000004)
    __rt_lib_shutdown_user_alloc_1           0x0000031b   Thumb Code     0  libshutdown2.o(.ARM.Collect$$libshutdown$$0000000C)
    __rt_entry                               0x0000031d   Thumb Code     0  __rtentry.o(.ARM.Collect$$rtentry$$00000000)
    __rt_entry_presh_1                       0x0000031d   Thumb Code     0  __rtentry2.o(.ARM.Collect$$rtentry$$00000002)
    __rt_entry_sh                            0x0000031d   Thumb Code     0  __rtentry4.o(.ARM.Collect$$rtentry$$00000004)
    __rt_entry_li                            0x00000323   Thumb Code     0  __rtentry2.o(.ARM.Collect$$rtentry$$0000000A)
    __rt_entry_postsh_1                      0x00000323   Thumb Code     0  __rtentry2.o(.ARM.Collect$$rtentry$$00000009)
    __rt_entry_main                          0x00000327   Thumb Code     0  __rtentry2.o(.ARM.Collect$$rtentry$$0000000D)
    __rt_entry_postli_1                      0x00000327   Thumb Code     0  __rtentry2.o(.ARM.Collect$$rtentry$$0000000C)
    __rt_exit                                0x0000032f   Thumb Code     0  rtexit.o(.ARM.Collect$$rtexit$$00000000)
    __rt_exit_ls                             0x00000331   Thumb Code     0  rtexit2.o(.ARM.Collect$$rtexit$$00000003)
    __rt_exit_prels_1                        0x00000331   Thumb Code     0  rtexit2.o(.ARM.Collect$$rtexit$$00000002)
    __rt_exit_exit                           0x00000335   Thumb Code     0  rtexit2.o(.ARM.Collect$$rtexit$$00000004)
    rand                                     0x0000033d   Thumb Code    48  rand.o(.emb_text)
    Reset_Handler                            0x00000371   Thumb Code     8  startup_tm4c123.o(.text)
    NMI_Handler                              0x00000379   Thumb Code     2  startup_tm4c123.o(.text)
    HardFault_Handler                        0x0000037b   Thumb Code     2  startup_tm4c123.o(.text)
    MemManage_Handler                        0x0000037d   Thumb Code     2  startup_tm4c123.o(.text)
    BusFault_Handler                         0x0000037f   Thumb Code     2  startup_tm4c123.o(.text)
    UsageFault_Handler                       0x00000381   Thumb Code     2  startup_tm4c123.o(.text)
    SVC_Handler                              0x00000383   Thumb Code     2  startup_tm4c123.o(.text)
    DebugMon_Handler                         0x00000385   Thumb Code     2  startup_tm4c123.o(.text)
    PendSV_Handler                           0x00000387   Thumb Code     2  startup_tm4c123.o(.text)
    SysTick_Handler                          0x00000389   Thumb Code     2  startup_tm4c123.o(.text)
    GPIOA_Handler                            0x0000038b   Thumb Code     2  startup_tm4c123.o(.text)
    GPIOB_Handler                            0x0000038d   Thumb Code     2  startup_tm4c123.o(.text)
    GPIOC_Handler                            0x0000038f   Thumb Code     2  startup_tm4c123.o(.text)
    GPIOD_Handler                            0x00000391   Thumb Code     2  startup_tm4c123.o(.text)
    GPIOE_Handler                            0x00000393   Thumb Code     2  startup_tm4c123.o(.text)
    UART0_Handler                            0x00000395   Thumb Code     2  startup_tm4c123.o(.text)
    UART1_Handler                            0x00000397   Thumb Code     2  startup_tm4c123.o(.text)
    SSI0_Handler                             0x00000399   Thumb Code     2  startup_tm4c123.o(.text)
    I2C0_Handler                             0x0000039b   Thumb Code     2  startup_tm4c123.o(.text)
    PMW0_FAULT_Handler                       0x0000039d   Thumb Code     2  startup_tm4c123.o(.text)
    PWM0_0_Handler                           0x0000039f   Thumb Code     2  startup_tm4c123.o(.text)
    PWM0_1_Handler                           0x000003a1   Thumb Code     2  startup_tm4c123.o(.text)
    PWM0_2_Handler                           0x000003a3   Thumb Code     2  startup_tm4c123.o(.text)
    QEI0_Handler                             0x000003a5   Thumb Code     2  startup_tm4c123.o(.text)
    ADC0SS0_Handler                          0x000003a7   Thumb Code     2  startup_tm4c123.o(.text)
    ADC0SS1_Handler                          0x000003a9   Thumb Code     2  startup_tm4c123.o(.text)
    ADC0SS2_Handler                          0x000003ab   Thumb Code     2  startup_tm4c123.o(.text)
    ADC0SS3_Handler                          0x000003ad   Thumb Code     2  startup_tm4c123.o(.text)
    WDT0_Handler                             0x000003af   Thumb Code     2  startup_tm4c123.o(.text)
    TIMER0A_Handler                          0x000003b1   Thumb Code     2  startup_tm4c123.o(.text)
    TIMER0B_Handler                          0x000003b3   Thumb Code     2  startup_tm4c123.o(.text)
    TIMER1A_Handler                          0x000003b5   Thumb Code     2  startup_tm4c123.o(.text)
    TIMER1B_Handler                          0x000003b7   Thumb Code     2  startup_tm4c123.o(.text)
    TIMER2A_Handler                          0x000003b9   Thumb Code     2  startup_tm4c123.o(.text)
    TIMER2B_Handler                          0x000003bb   Thumb Code     2  startup_tm4c123.o(.text)
    COMP0_Handler                            0x000003bd   Thumb Code     2  startup_tm4c123.o(.text)
    COMP1_Handler                            0x000003bf   Thumb Code     2  startup_tm4c123.o(.text)
    COMP2_Handler                            0x000003c1   Thumb Code     2  startup_tm4c123.o(.text)
    SYSCTL_Handler                           0x000003c3   Thumb Code     2  startup_tm4c123.o(.text)
    FLASH_Handler                            0x000003c5   Thumb Code     2  startup_tm4c123.o(.text)
    GPIOF_Handler                            0x000003c7   Thumb Code     2  startup_tm4c123.o(.text)
    GPIOG_Handler                            0x000003c9   Thumb Code     2  startup_tm4c123.o(.text)
    GPIOH_Handler                            0x000003cb   Thumb Code     2  startup_tm4c123.o(.text)
    UART2_Handler                            0x000003cd   Thumb Code     2  startup_tm4c123.o(.text)
    SSI1_Handler                             0x000003cf   Thumb Code     2  startup_tm4c123.o(.text)
    TIMER3A_Handler                          0x000003d1   Thumb Code     2  startup_tm4c123.o(.text)
    TIMER3B_Handler                          0x000003d3   Thumb Code     2  startup_tm4c123.o(.text)
    I2C1_Handler                             0x000003d5   Thumb Code     2  startup_tm4c123.o(.text)
    QEI1_Handler                             0x000003d7   Thumb Code     2  startup_tm4c123.o(.text)
    CAN0_Handler                             0x000003d9   Thumb Code     2  startup_tm4c123.o(.text)
    CAN1_Handler                             0x000003db   Thumb Code     2  startup_tm4c123.o(.text)
    CAN2_Handler                             0x000003dd   Thumb Code     2  startup_tm4c123.o(.text)
    HIB_Handler                              0x000003df   Thumb Code     2  startup_tm4c123.o(.text)
    USB0_Handler                             0x000003e1   Thumb Code     2  startup_tm4c123.o(.text)
    PWM0_3_Handler                           0x000003e3   Thumb Code     2  startup_tm4c123.o(.text)
    UDMA_Handler                             0x000003e5   Thumb Code     2  startup_tm4c123.o(.text)
    UDMAERR_Handler                          0x000003e7   Thumb Code     2  startup_tm4c123.o(.text)
    ADC1SS0_Handler                          0x000003e9   Thumb Code     2  startup_tm4c123.o(.text)
    ADC1SS1_Handler                          0x000003eb   Thumb Code     2  startup_tm4c123.o(.text)
    ADC1SS2_Handler                          0x000003ed   Thumb Code     2  startup_tm4c123.o(.text)
    ADC1SS3_Handler                          0x000003ef   Thumb Code     2  startup_tm4c123.o(.text)
    GPIOJ_Handler                            0x000003f1   Thumb Code     2  startup_tm4c123.o(.text)
    GPIOK_Handler                            0x000003f3   Thumb Code     2  startup_tm4c123.o(.text)
    GPIOL_Handler                            0x000003f5   Thumb Code     2  startup_tm4c123.o(.text)
    SSI2_Handler                             0x000003f7   Thumb Code     2  startup_tm4c123.o(.text)
    SSI3_Handler                             0x000003f9   Thumb Code     2  startup_tm4c123.o(.text)
    UART3_Handler                            0x000003fb   Thumb Code     2  startup_tm4c123.o(.text)
    UART4_Handler                            0x000003fd   Thumb Code     2  startup_tm4c123.o(.text)
    UART5_Handler                            0x000003ff   Thumb Code     2  startup_tm4c123.o(.text)
    UART6_Handler                            0x00000401   Thumb Code     2  startup_tm4c123.o(.text)
    UART7_Handler                            0x00000403   Thumb Code     2  startup_tm4c123.o(.text)
    I2C2_Handler                             0x00000405   Thumb Code     2  startup_tm4c123.o(.text)
    I2C3_Handler                             0x00000407   Thumb Code     2  startup_tm4c123.o(.text)
    TIMER4A_Handler                          0x00000409   Thumb Code     2  startup_tm4c123.o(.text)
    TIMER4B_Handler                          0x0000040b   Thumb Code     2  startup_tm4c123.o(.text)
    TIMER5A_Handler                          0x0000040d   Thumb Code     2  startup_tm4c123.o(.text)
    TIMER5B_Handler                          0x0000040f   Thumb Code     2  startup_tm4c123.o(.text)
    WTIMER0A_Handler                         0x00000411   Thumb Code     2  startup_tm4c123.o(.text)
    WTIMER0B_Handler                         0x00000413   Thumb Code     2  startup_tm4c123.o(.text)
    WTIMER1A_Handler                         0x00000415   Thumb Code     2  startup_tm4c123.o(.text)
    WTIMER1B_Handler                         0x00000417   Thumb Code     2  startup_tm4c123.o(.text)
    WTIMER2A_Handler                         0x00000419   Thumb Code     2  startup_tm4c123.o(.text)
    WTIMER2B_Handler                         0x0000041b   Thumb Code     2  startup_tm4c123.o(.text)
    WTIMER3A_Handler                         0x0000041d   Thumb Code     2  startup_tm4c123.o(.text)
    WTIMER3B_Handler                         0x0000041f   Thumb Code     2  startup_tm4c123.o(.text)
    WTIMER4A_Handler                         0x00000421   Thumb Code     2  startup_tm4c123.o(.text)
    WTIMER4B_Handler                         0x00000423   Thumb Code     2  startup_tm4c123.o(.text)
    WTIMER5A_Handler                         0x00000425   Thumb Code     2  startup_tm4c123.o(.text)
    WTIMER5B_Handler                         0x00000427   Thumb Code     2  startup_tm4c123.o(.text)
    FPU_Handler                              0x00000429   Thumb Code     2  startup_tm4c123.o(.text)
    I2C4_Handler                             0x0000042b   Thumb Code     2  startup_tm4c123.o(.text)
    I2C5_Handler                             0x0000042d   Thumb Code     2  startup_tm4c123.o(.text)
    GPIOM_Handler                            0x0000042f   Thumb Code     2  startup_tm4c123.o(.text)
    GPION_Handler                            0x00000431   Thumb Code     2  startup_tm4c123.o(.text)
    QEI2_Handler                             0x00000433   Thumb Code     2  startup_tm4c123.o(.text)
    GPIOP0_Handler                           0x00000435   Thumb Code     2  startup_tm4c123.o(.text)
    GPIOP1_Handler                           0x00000437   Thumb Code     2  startup_tm4c123.o(.text)
    GPIOP2_Handler                           0x00000439   Thumb Code     2  startup_tm4c123.o(.text)
    GPIOP3_Handler                           0x0000043b   Thumb Code     2  startup_tm4c123.o(.text)
    GPIOP4_Handler                           0x0000043d   Thumb Code     2  startup_tm4c123.o(.text)
    GPIOP5_Handler                           0x0000043f   Thumb Code     2  startup_tm4c123.o(.text)
    GPIOP6_Handler                           0x00000441   Thumb Code     2  startup_tm4c123.o(.text)
    GPIOP7_Handler                           0x00000443   Thumb Code     2  startup_tm4c123.o(.text)
    GPIOQ0_Handler                           0x00000445   Thumb Code     2  startup_tm4c123.o(.text)
    GPIOQ1_Handler                           0x00000447   Thumb Code     2  startup_tm4c123.o(.text)
    GPIOQ2_Handler                           0x00000449   Thumb Code     2  startup_tm4c123.o(.text)
    GPIOQ3_Handler                           0x0000044b   Thumb Code     2  startup_tm4c123.o(.text)
    GPIOQ4_Handler                           0x0000044d   Thumb Code     2  startup_tm4c123.o(.text)
    GPIOQ5_Handler                           0x0000044f   Thumb Code     2  startup_tm4c123.o(.text)
    GPIOQ6_Handler                           0x00000451   Thumb Code     2  startup_tm4c123.o(.text)
    GPIOQ7_Handler                           0x00000453   Thumb Code     2  startup_tm4c123.o(.text)
    GPIOR_Handler                            0x00000455   Thumb Code     2  startup_tm4c123.o(.text)
    GPIOS_Handler                            0x00000457   Thumb Code     2  startup_tm4c123.o(.text)
    PMW1_0_Handler                           0x00000459   Thumb Code     2  startup_tm4c123.o(.text)
    PWM1_1_Handler                           0x0000045b   Thumb Code     2  startup_tm4c123.o(.text)
    PWM1_2_Handler                           0x0000045d   Thumb Code     2  startup_tm4c123.o(.text)
    PWM1_3_Handler                           0x0000045f   Thumb Code     2  startup_tm4c123.o(.text)
    PWM1_FAULT_Handler                       0x00000461   Thumb Code     2  startup_tm4c123.o(.text)
    __user_initial_stackheap                 0x00000465   Thumb Code     0  startup_tm4c123.o(.text)
    srand                                    0x00000485   Thumb Code    42  rand.o(.text)
    _rand_init                               0x000004af   Thumb Code     4  rand.o(.text)
    __use_two_region_memory                  0x000004c1   Thumb Code     2  heapauxi.o(.text)
    __rt_heap_escrow$2region                 0x000004c3   Thumb Code     2  heapauxi.o(.text)
    __rt_heap_expand$2region                 0x000004c5   Thumb Code     2  heapauxi.o(.text)
    __read_errno                             0x000004c7   Thumb Code    10  _rserrno.o(.text)
    __set_errno                              0x000004d1   Thumb Code    12  _rserrno.o(.text)
    __aeabi_errno_addr                       0x000004dd   Thumb Code     8  rt_errno_addr_intlibspace.o(.text)
    __errno$intlibspace                      0x000004dd   Thumb Code     0  rt_errno_addr_intlibspace.o(.text)
    __rt_errno_addr$intlibspace              0x000004dd   Thumb Code     0  rt_errno_addr_intlibspace.o(.text)
    __user_libspace                          0x000004e5   Thumb Code     8  libspace.o(.text)
    __user_perproc_libspace                  0x000004e5   Thumb Code     0  libspace.o(.text)
    __user_perthread_libspace                0x000004e5   Thumb Code     0  libspace.o(.text)
    __user_setup_stackheap                   0x000004ed   Thumb Code    74  sys_stackheap_outer.o(.text)
    exit                                     0x00000537   Thumb Code    18  exit.o(.text)
    __I$use$semihosting                      0x00000549   Thumb Code     0  use_no_semi.o(.text)
    __use_no_semihosting_swi                 0x00000549   Thumb Code     2  use_no_semi.o(.text)
    __semihosting_library_function           0x0000054b   Thumb Code     0  indicate_semi.o(.text)
    _sys_exit                                0x0000054d   Thumb Code     8  sys_exit.o(.text)
    ADC0_ReadChannel                         0x00000559   Thumb Code    98  adc.o(.text.ADC0_ReadChannel)
    ADC_Init                                 0x000005bd   Thumb Code   154  adc.o(.text.ADC_Init)
    Board_Init                               0x00000659   Thumb Code   104  board.o(.text.Board_Init)
    Cube_Clear                               0x000006c1   Thumb Code   208  led_cube.o(.text.Cube_Clear)
    Cube_Init                                0x00000791   Thumb Code     8  led_cube.o(.text.Cube_Init)
    GPIO_Button1Pressed                      0x00000799   Thumb Code    22  gpio.o(.text.GPIO_Button1Pressed)
    GPIO_Button2Pressed                      0x000007b1   Thumb Code    16  gpio.o(.text.GPIO_Button2Pressed)
    GPIO_Init_ButtonsAndPot                  0x000007c1   Thumb Code   186  gpio.o(.text.GPIO_Init_ButtonsAndPot)
    PLL_Init                                 0x0000087d   Thumb Code   122  board.o(.text.PLL_Init)
    SysTick_Delay                            0x000008f9   Thumb Code    48  systick_delay.o(.text.SysTick_Delay)
    SysTick_Init                             0x00000929   Thumb Code    42  systick_delay.o(.text.SysTick_Init)
    SysTick_Wait                             0x00000955   Thumb Code    54  systick_delay.o(.text.SysTick_Wait)
    SystemInit                               0x0000098d   Thumb Code   268  system_tm4c123.o(.text.SystemInit)
    WS2812_Init                              0x00000a99   Thumb Code   198  ws2812.o(.text.WS2812_Init)
    WS2812_Show                              0x00000b61   Thumb Code   358  ws2812.o(.text.WS2812_Show)
    clearAllLeds                             0x00000cc9   Thumb Code    58  common_functions.o(.text.clearAllLeds)
    countNeighbors3D                         0x00000d55   Thumb Code   256  advanced_patterns.o(.text.countNeighbors3D)
    drawDigit                                0x00000e55   Thumb Code   288  main.o(.text.drawDigit)
    drawLine3D                               0x00000f75   Thumb Code   350  advanced_patterns.o(.text.drawLine3D)
    initFireworksPattern                     0x00001125   Thumb Code    60  additional_patterns.o(.text.initFireworksPattern)
    initGameOfLife3D                         0x00001161   Thumb Code   188  advanced_patterns.o(.text.initGameOfLife3D)
    initRainPattern                          0x0000121d   Thumb Code    48  additional_patterns.o(.text.initRainPattern)
    initRainRGBPattern                       0x0000124d   Thumb Code    50  additional_patterns.o(.text.initRainRGBPattern)
    initSnake3D                              0x00001281   Thumb Code   354  advanced_patterns.o(.text.initSnake3D)
    isPointOnSphere                          0x000013e5   Thumb Code   124  main.o(.text.isPointOnSphere)
    main                                     0x00001461   Thumb Code   616  main.o(.text.main)
    placeFood                                0x0000171d   Thumb Code   366  advanced_patterns.o(.text.placeFood)
    resetGameOfLife3D                        0x0000188d   Thumb Code    14  advanced_patterns.o(.text.resetGameOfLife3D)
    resetSnake3D                             0x0000189d   Thumb Code    14  advanced_patterns.o(.text.resetSnake3D)
    scaleBrightness                          0x000018ad   Thumb Code   142  common_functions.o(.text.scaleBrightness)
    setLedColor                              0x0000193d   Thumb Code   148  common_functions.o(.text.setLedColor)
    setVoxel                                 0x000019d1   Thumb Code   166  common_functions.o(.text.setVoxel)
    showSelectedPattern                      0x00001a79   Thumb Code   370  pattern_functions.o(.text.showSelectedPattern)
    updateBrightness                         0x00001bed   Thumb Code    88  common_functions.o(.text.updateBrightness)
    updateCountdownPattern                   0x00001c49   Thumb Code   512  main.o(.text.updateCountdownPattern)
    updateCubeInCubePattern                  0x00001e59   Thumb Code  1152  advanced_patterns.o(.text.updateCubeInCubePattern)
    updateDNAPattern                         0x000022e9   Thumb Code  1108  advanced_patterns.o(.text.updateDNAPattern)
    updateFireworksPattern                   0x00002751   Thumb Code  2052  additional_patterns.o(.text.updateFireworksPattern)
    updateGameOfLife3D                       0x00002f61   Thumb Code  1136  advanced_patterns.o(.text.updateGameOfLife3D)
    updatePattern                            0x000033d9   Thumb Code   310  pattern_functions.o(.text.updatePattern)
    updatePlasmaPattern                      0x00003511   Thumb Code   804  advanced_patterns.o(.text.updatePlasmaPattern)
    updateRainPattern                        0x0000384d   Thumb Code   660  main.o(.text.updateRainPattern)
    updateRainRGBPattern                     0x00003ae9   Thumb Code  1198  additional_patterns.o(.text.updateRainRGBPattern)
    updateSnake3DPattern                     0x00003f99   Thumb Code  1348  advanced_patterns.o(.text.updateSnake3DPattern)
    updateSpherePattern                      0x000044e5   Thumb Code   620  main.o(.text.updateSpherePattern)
    updateSpinningPlanePattern               0x00004755   Thumb Code   648  additional_patterns.o(.text.updateSpinningPlanePattern)
    updateSpiralPattern                      0x000049f5   Thumb Code   624  main.o(.text.updateSpiralPattern)
    updateTextScrollerPattern                0x00004c79   Thumb Code   528  advanced_patterns.o(.text.updateTextScrollerPattern)
    updateWavePattern                        0x00004e89   Thumb Code   468  additional_patterns.o(.text.updateWavePattern)
    updateXPlanes                            0x00005069   Thumb Code   220  main.o(.text.updateXPlanes)
    updateYPlanes                            0x00005145   Thumb Code   222  main.o(.text.updateYPlanes)
    updateZPlanes                            0x00005225   Thumb Code   220  main.o(.text.updateZPlanes)
    __ARM_fpclassifyf                        0x00005301   Thumb Code    38  fpclassifyf.o(i.__ARM_fpclassifyf)
    __hardfp_cosf                            0x00005329   Thumb Code   280  cosf.o(i.__hardfp_cosf)
    __hardfp_fmodf                           0x00005479   Thumb Code   176  fmodf.o(i.__hardfp_fmodf)
    __hardfp_sinf                            0x00005529   Thumb Code   344  sinf.o(i.__hardfp_sinf)
    __hardfp_sqrtf                           0x000056b9   Thumb Code    58  sqrtf.o(i.__hardfp_sqrtf)
    __mathlib_flt_infnan                     0x000056f3   Thumb Code     6  funder.o(i.__mathlib_flt_infnan)
    __mathlib_flt_invalid                    0x000056f9   Thumb Code    10  funder.o(i.__mathlib_flt_invalid)
    __mathlib_flt_underflow                  0x00005709   Thumb Code    10  funder.o(i.__mathlib_flt_underflow)
    __mathlib_rredf2                         0x00005719   Thumb Code   316  rredf.o(i.__mathlib_rredf2)
    __fpl_dcmp_Inf                           0x0000586d   Thumb Code    24  dcmpi.o(x$fpl$dcmpinf)
    __aeabi_cdcmpeq                          0x00005885   Thumb Code     0  deqf.o(x$fpl$deqf)
    _dcmpeq                                  0x00005885   Thumb Code   120  deqf.o(x$fpl$deqf)
    __aeabi_i2d                              0x000058fd   Thumb Code     0  dflt_clz.o(x$fpl$dflt)
    _dflt                                    0x000058fd   Thumb Code    46  dflt_clz.o(x$fpl$dflt)
    __aeabi_cdcmpge                          0x0000592d   Thumb Code     0  dgeqf.o(x$fpl$dgeqf)
    _dcmpge                                  0x0000592d   Thumb Code   120  dgeqf.o(x$fpl$dgeqf)
    __aeabi_cdcmple                          0x000059a5   Thumb Code     0  dleqf.o(x$fpl$dleqf)
    _dcmple                                  0x000059a5   Thumb Code   120  dleqf.o(x$fpl$dleqf)
    __fpl_dcmple_InfNaN                      0x00005a07   Thumb Code     0  dleqf.o(x$fpl$dleqf)
    __fpl_dnaninf                            0x00005a1d   Thumb Code   156  dnaninf.o(x$fpl$dnaninf)
    __aeabi_dcmpeq                           0x00005ab9   Thumb Code     0  dcmp.o(x$fpl$fcmp)
    _deq                                     0x00005ab9   Thumb Code    14  dcmp.o(x$fpl$fcmp)
    _dneq                                    0x00005ac7   Thumb Code    14  dcmp.o(x$fpl$fcmp)
    __aeabi_dcmpgt                           0x00005ad5   Thumb Code     0  dcmp.o(x$fpl$fcmp)
    _dgr                                     0x00005ad5   Thumb Code    14  dcmp.o(x$fpl$fcmp)
    __aeabi_dcmpge                           0x00005ae3   Thumb Code     0  dcmp.o(x$fpl$fcmp)
    _dgeq                                    0x00005ae3   Thumb Code    14  dcmp.o(x$fpl$fcmp)
    __aeabi_dcmple                           0x00005af1   Thumb Code     0  dcmp.o(x$fpl$fcmp)
    _dleq                                    0x00005af1   Thumb Code    14  dcmp.o(x$fpl$fcmp)
    __aeabi_dcmplt                           0x00005aff   Thumb Code     0  dcmp.o(x$fpl$fcmp)
    _dls                                     0x00005aff   Thumb Code    14  dcmp.o(x$fpl$fcmp)
    __fpl_fnaninf                            0x00005b0d   Thumb Code   140  fnaninf.o(x$fpl$fnaninf)
    _fp_init                                 0x00005b99   Thumb Code    26  fpinit.o(x$fpl$fpinit)
    __fplib_config_fpu_vfp                   0x00005bb1   Thumb Code     0  fpinit.o(x$fpl$fpinit)
    __fplib_config_pureend_doubles           0x00005bb1   Thumb Code     0  fpinit.o(x$fpl$fpinit)
    _frem                                    0x00005bb5   Thumb Code   240  frem_clz.o(x$fpl$frem)
    __I$use$fp                               0x00005ca8   Number         0  usenofp.o(x$fpl$usenofp)
    led_map                                  0x00006232   Data         686  led_cube.o(.rodata.led_map)
    Region$$Table$$Base                      0x000064f4   Number         0  anon$$obj.o(Region$$Table)
    Region$$Table$$Limit                     0x00006514   Number         0  anon$$obj.o(Region$$Table)
    _random_number_data                      0x20000010   Data         228  rand.o(.bss)
    __libspace_start                         0x200000f4   Data          96  libspace.o(.bss)
    __temporary_stack_top$libspace           0x20000154   Data           0  libspace.o(.bss)
    currentPattern                           0x200002b1   Data           1  common_functions.o(.bss.currentPattern)
    currentPosition                          0x200002b2   Data           1  common_functions.o(.bss.currentPosition)
    testBuffer                               0x20007474   Data        1029  common_functions.o(.bss.testBuffer)



==============================================================================

Memory Map of the image

  Image Entry point : 0x00000371

  Load Region LR_1 (Base: 0x00000000, Size: 0x00006524, Max: 0xffffffff, ABSOLUTE)

    Execution Region ER_RO (Exec base: 0x00000000, Load base: 0x00000000, Size: 0x00006514, Max: 0xffffffff, ABSOLUTE)

    Exec Addr    Load Addr    Size         Type   Attr      Idx    E Section Name        Object

    0x00000000   0x00000000   0x0000026c   Data   RO          276    RESET               startup_tm4c123.o
    0x0000026c   0x0000026c   0x00000008   Code   RO          306  * !!!main             c_w.l(__main.o)
    0x00000274   0x00000274   0x0000005c   Code   RO          544    !!!scatter          c_w.l(__scatter.o)
    0x000002d0   0x000002d0   0x0000001a   Code   RO          548    !!handler_copy      c_w.l(__scatter_copy.o)
    0x000002ea   0x000002ea   0x00000002   PAD
    0x000002ec   0x000002ec   0x00000002   Code   RO          545    !!handler_null      c_w.l(__scatter.o)
    0x000002ee   0x000002ee   0x00000002   PAD
    0x000002f0   0x000002f0   0x0000001c   Code   RO          550    !!handler_zi        c_w.l(__scatter_zi.o)
    0x0000030c   0x0000030c   0x00000002   Code   RO          464    .ARM.Collect$$libinit$$00000000  c_w.l(libinit.o)
    0x0000030e   0x0000030e   0x00000004   Code   RO          343    .ARM.Collect$$libinit$$00000001  c_w.l(libinit2.o)
    0x00000312   0x00000312   0x00000000   Code   RO          346    .ARM.Collect$$libinit$$00000004  c_w.l(libinit2.o)
    0x00000312   0x00000312   0x00000000   Code   RO          348    .ARM.Collect$$libinit$$00000006  c_w.l(libinit2.o)
    0x00000312   0x00000312   0x00000000   Code   RO          351    .ARM.Collect$$libinit$$0000000C  c_w.l(libinit2.o)
    0x00000312   0x00000312   0x00000000   Code   RO          353    .ARM.Collect$$libinit$$0000000E  c_w.l(libinit2.o)
    0x00000312   0x00000312   0x00000004   Code   RO          354    .ARM.Collect$$libinit$$0000000F  c_w.l(libinit2.o)
    0x00000316   0x00000316   0x00000000   Code   RO          355    .ARM.Collect$$libinit$$00000010  c_w.l(libinit2.o)
    0x00000316   0x00000316   0x00000000   Code   RO          358    .ARM.Collect$$libinit$$00000013  c_w.l(libinit2.o)
    0x00000316   0x00000316   0x00000000   Code   RO          360    .ARM.Collect$$libinit$$00000015  c_w.l(libinit2.o)
    0x00000316   0x00000316   0x00000000   Code   RO          362    .ARM.Collect$$libinit$$00000017  c_w.l(libinit2.o)
    0x00000316   0x00000316   0x00000000   Code   RO          364    .ARM.Collect$$libinit$$00000019  c_w.l(libinit2.o)
    0x00000316   0x00000316   0x00000000   Code   RO          366    .ARM.Collect$$libinit$$0000001B  c_w.l(libinit2.o)
    0x00000316   0x00000316   0x00000000   Code   RO          368    .ARM.Collect$$libinit$$0000001D  c_w.l(libinit2.o)
    0x00000316   0x00000316   0x00000000   Code   RO          370    .ARM.Collect$$libinit$$0000001F  c_w.l(libinit2.o)
    0x00000316   0x00000316   0x00000000   Code   RO          372    .ARM.Collect$$libinit$$00000021  c_w.l(libinit2.o)
    0x00000316   0x00000316   0x00000000   Code   RO          374    .ARM.Collect$$libinit$$00000023  c_w.l(libinit2.o)
    0x00000316   0x00000316   0x00000000   Code   RO          376    .ARM.Collect$$libinit$$00000025  c_w.l(libinit2.o)
    0x00000316   0x00000316   0x00000000   Code   RO          378    .ARM.Collect$$libinit$$00000027  c_w.l(libinit2.o)
    0x00000316   0x00000316   0x00000000   Code   RO          382    .ARM.Collect$$libinit$$0000002E  c_w.l(libinit2.o)
    0x00000316   0x00000316   0x00000000   Code   RO          384    .ARM.Collect$$libinit$$00000030  c_w.l(libinit2.o)
    0x00000316   0x00000316   0x00000000   Code   RO          386    .ARM.Collect$$libinit$$00000032  c_w.l(libinit2.o)
    0x00000316   0x00000316   0x00000000   Code   RO          388    .ARM.Collect$$libinit$$00000034  c_w.l(libinit2.o)
    0x00000316   0x00000316   0x00000002   Code   RO          389    .ARM.Collect$$libinit$$00000035  c_w.l(libinit2.o)
    0x00000318   0x00000318   0x00000002   Code   RO          503    .ARM.Collect$$libshutdown$$00000000  c_w.l(libshutdown.o)
    0x0000031a   0x0000031a   0x00000000   Code   RO          511    .ARM.Collect$$libshutdown$$00000002  c_w.l(libshutdown2.o)
    0x0000031a   0x0000031a   0x00000000   Code   RO          513    .ARM.Collect$$libshutdown$$00000004  c_w.l(libshutdown2.o)
    0x0000031a   0x0000031a   0x00000000   Code   RO          516    .ARM.Collect$$libshutdown$$00000007  c_w.l(libshutdown2.o)
    0x0000031a   0x0000031a   0x00000000   Code   RO          519    .ARM.Collect$$libshutdown$$0000000A  c_w.l(libshutdown2.o)
    0x0000031a   0x0000031a   0x00000000   Code   RO          521    .ARM.Collect$$libshutdown$$0000000C  c_w.l(libshutdown2.o)
    0x0000031a   0x0000031a   0x00000000   Code   RO          524    .ARM.Collect$$libshutdown$$0000000F  c_w.l(libshutdown2.o)
    0x0000031a   0x0000031a   0x00000002   Code   RO          525    .ARM.Collect$$libshutdown$$00000010  c_w.l(libshutdown2.o)
    0x0000031c   0x0000031c   0x00000000   Code   RO          340    .ARM.Collect$$rtentry$$00000000  c_w.l(__rtentry.o)
    0x0000031c   0x0000031c   0x00000000   Code   RO          419    .ARM.Collect$$rtentry$$00000002  c_w.l(__rtentry2.o)
    0x0000031c   0x0000031c   0x00000006   Code   RO          431    .ARM.Collect$$rtentry$$00000004  c_w.l(__rtentry4.o)
    0x00000322   0x00000322   0x00000000   Code   RO          421    .ARM.Collect$$rtentry$$00000009  c_w.l(__rtentry2.o)
    0x00000322   0x00000322   0x00000004   Code   RO          422    .ARM.Collect$$rtentry$$0000000A  c_w.l(__rtentry2.o)
    0x00000326   0x00000326   0x00000000   Code   RO          424    .ARM.Collect$$rtentry$$0000000C  c_w.l(__rtentry2.o)
    0x00000326   0x00000326   0x00000008   Code   RO          425    .ARM.Collect$$rtentry$$0000000D  c_w.l(__rtentry2.o)
    0x0000032e   0x0000032e   0x00000002   Code   RO          469    .ARM.Collect$$rtexit$$00000000  c_w.l(rtexit.o)
    0x00000330   0x00000330   0x00000000   Code   RO          481    .ARM.Collect$$rtexit$$00000002  c_w.l(rtexit2.o)
    0x00000330   0x00000330   0x00000004   Code   RO          482    .ARM.Collect$$rtexit$$00000003  c_w.l(rtexit2.o)
    0x00000334   0x00000334   0x00000006   Code   RO          483    .ARM.Collect$$rtexit$$00000004  c_w.l(rtexit2.o)
    0x0000033a   0x0000033a   0x00000002   PAD
    0x0000033c   0x0000033c   0x00000034   Code   RO          299    .emb_text           c_w.l(rand.o)
    0x00000370   0x00000370   0x00000114   Code   RO          277  * .text               startup_tm4c123.o
    0x00000484   0x00000484   0x0000003c   Code   RO          300    .text               c_w.l(rand.o)
    0x000004c0   0x000004c0   0x00000006   Code   RO          304    .text               c_w.l(heapauxi.o)
    0x000004c6   0x000004c6   0x00000016   Code   RO          341    .text               c_w.l(_rserrno.o)
    0x000004dc   0x000004dc   0x00000008   Code   RO          436    .text               c_w.l(rt_errno_addr_intlibspace.o)
    0x000004e4   0x000004e4   0x00000008   Code   RO          448    .text               c_w.l(libspace.o)
    0x000004ec   0x000004ec   0x0000004a   Code   RO          451    .text               c_w.l(sys_stackheap_outer.o)
    0x00000536   0x00000536   0x00000012   Code   RO          453    .text               c_w.l(exit.o)
    0x00000548   0x00000548   0x00000002   Code   RO          477    .text               c_w.l(use_no_semi.o)
    0x0000054a   0x0000054a   0x00000000   Code   RO          479    .text               c_w.l(indicate_semi.o)
    0x0000054a   0x0000054a   0x00000002   PAD
    0x0000054c   0x0000054c   0x0000000c   Code   RO          493    .text               c_w.l(sys_exit.o)
    0x00000558   0x00000558   0x00000062   Code   RO           86    .text.ADC0_ReadChannel  adc.o
    0x000005ba   0x000005ba   0x00000002   PAD
    0x000005bc   0x000005bc   0x0000009a   Code   RO           84    .text.ADC_Init      adc.o
    0x00000656   0x00000656   0x00000002   PAD
    0x00000658   0x00000658   0x00000068   Code   RO          120    .text.Board_Init    board.o
    0x000006c0   0x000006c0   0x000000d0   Code   RO           97    .text.Cube_Clear    led_cube.o
    0x00000790   0x00000790   0x00000008   Code   RO           95    .text.Cube_Init     led_cube.o
    0x00000798   0x00000798   0x00000016   Code   RO           73    .text.GPIO_Button1Pressed  gpio.o
    0x000007ae   0x000007ae   0x00000002   PAD
    0x000007b0   0x000007b0   0x00000010   Code   RO           75    .text.GPIO_Button2Pressed  gpio.o
    0x000007c0   0x000007c0   0x000000ba   Code   RO           71    .text.GPIO_Init_ButtonsAndPot  gpio.o
    0x0000087a   0x0000087a   0x00000002   PAD
    0x0000087c   0x0000087c   0x0000007a   Code   RO          118    .text.PLL_Init      board.o
    0x000008f6   0x000008f6   0x00000002   PAD
    0x000008f8   0x000008f8   0x00000030   Code   RO           46    .text.SysTick_Delay  systick_delay.o
    0x00000928   0x00000928   0x0000002a   Code   RO           42    .text.SysTick_Init  systick_delay.o
    0x00000952   0x00000952   0x00000002   PAD
    0x00000954   0x00000954   0x00000036   Code   RO           44    .text.SysTick_Wait  systick_delay.o
    0x0000098a   0x0000098a   0x00000002   PAD
    0x0000098c   0x0000098c   0x0000010c   Code   RO          288    .text.SystemInit    system_tm4c123.o
    0x00000a98   0x00000a98   0x000000c6   Code   RO           57    .text.WS2812_Init   ws2812.o
    0x00000b5e   0x00000b5e   0x00000002   PAD
    0x00000b60   0x00000b60   0x00000166   Code   RO           59    .text.WS2812_Show   ws2812.o
    0x00000cc6   0x00000cc6   0x00000002   PAD
    0x00000cc8   0x00000cc8   0x0000003a   Code   RO          241    .text.clearAllLeds  common_functions.o
    0x00000d02   0x00000d02   0x00000002   PAD
    0x00000d04   0x00000d04   0x00000050   Code   RO          247    .text.countDeadLEDsBefore  common_functions.o
    0x00000d54   0x00000d54   0x00000100   Code   RO          161    .text.countNeighbors3D  advanced_patterns.o
    0x00000e54   0x00000e54   0x00000120   Code   RO            8    .text.drawDigit     main.o
    0x00000f74   0x00000f74   0x0000015e   Code   RO          167    .text.drawLine3D    advanced_patterns.o
    0x000010d2   0x000010d2   0x00000002   PAD
    0x000010d4   0x000010d4   0x00000050   Code   RO           61    .text.encodeByte    ws2812.o
    0x00001124   0x00001124   0x0000003c   Code   RO          216    .text.initFireworksPattern  additional_patterns.o
    0x00001160   0x00001160   0x000000bc   Code   RO          159    .text.initGameOfLife3D  advanced_patterns.o
    0x0000121c   0x0000121c   0x00000030   Code   RO          212    .text.initRainPattern  additional_patterns.o
    0x0000124c   0x0000124c   0x00000032   Code   RO          214    .text.initRainRGBPattern  additional_patterns.o
    0x0000127e   0x0000127e   0x00000002   PAD
    0x00001280   0x00001280   0x00000162   Code   RO          169    .text.initSnake3D   advanced_patterns.o
    0x000013e2   0x000013e2   0x00000002   PAD
    0x000013e4   0x000013e4   0x0000007c   Code   RO           14    .text.isPointOnSphere  main.o
    0x00001460   0x00001460   0x00000268   Code   RO           20    .text.main          main.o
    0x000016c8   0x000016c8   0x00000052   Code   RO          245    .text.mainIsDeadLED  common_functions.o
    0x0000171a   0x0000171a   0x00000002   PAD
    0x0000171c   0x0000171c   0x0000016e   Code   RO          171    .text.placeFood     advanced_patterns.o
    0x0000188a   0x0000188a   0x00000002   PAD
    0x0000188c   0x0000188c   0x0000000e   Code   RO          153    .text.resetGameOfLife3D  advanced_patterns.o
    0x0000189a   0x0000189a   0x00000002   PAD
    0x0000189c   0x0000189c   0x0000000e   Code   RO          155    .text.resetSnake3D  advanced_patterns.o
    0x000018aa   0x000018aa   0x00000002   PAD
    0x000018ac   0x000018ac   0x0000008e   Code   RO          251    .text.scaleBrightness  common_functions.o
    0x0000193a   0x0000193a   0x00000002   PAD
    0x0000193c   0x0000193c   0x00000094   Code   RO          243    .text.setLedColor   common_functions.o
    0x000019d0   0x000019d0   0x000000a6   Code   RO          249    .text.setVoxel      common_functions.o
    0x00001a76   0x00001a76   0x00000002   PAD
    0x00001a78   0x00001a78   0x00000172   Code   RO          266    .text.showSelectedPattern  pattern_functions.o
    0x00001bea   0x00001bea   0x00000002   PAD
    0x00001bec   0x00001bec   0x0000005c   Code   RO          239    .text.updateBrightness  common_functions.o
    0x00001c48   0x00001c48   0x00000210   Code   RO           10    .text.updateCountdownPattern  main.o
    0x00001e58   0x00001e58   0x00000490   Code   RO          165    .text.updateCubeInCubePattern  advanced_patterns.o
    0x000022e8   0x000022e8   0x00000468   Code   RO          157    .text.updateDNAPattern  advanced_patterns.o
    0x00002750   0x00002750   0x00000810   Code   RO          218    .text.updateFireworksPattern  additional_patterns.o
    0x00002f60   0x00002f60   0x00000478   Code   RO          163    .text.updateGameOfLife3D  advanced_patterns.o
    0x000033d8   0x000033d8   0x00000136   Code   RO          264    .text.updatePattern  pattern_functions.o
    0x0000350e   0x0000350e   0x00000002   PAD
    0x00003510   0x00003510   0x0000033c   Code   RO          177    .text.updatePlasmaPattern  advanced_patterns.o
    0x0000384c   0x0000384c   0x0000029c   Code   RO           12    .text.updateRainPattern  main.o
    0x00003ae8   0x00003ae8   0x000004ae   Code   RO          224    .text.updateRainRGBPattern  additional_patterns.o
    0x00003f96   0x00003f96   0x00000002   PAD
    0x00003f98   0x00003f98   0x0000054c   Code   RO          173    .text.updateSnake3DPattern  advanced_patterns.o
    0x000044e4   0x000044e4   0x00000270   Code   RO           16    .text.updateSpherePattern  main.o
    0x00004754   0x00004754   0x000002a0   Code   RO          222    .text.updateSpinningPlanePattern  additional_patterns.o
    0x000049f4   0x000049f4   0x00000284   Code   RO           18    .text.updateSpiralPattern  main.o
    0x00004c78   0x00004c78   0x00000210   Code   RO          175    .text.updateTextScrollerPattern  advanced_patterns.o
    0x00004e88   0x00004e88   0x000001e0   Code   RO          220    .text.updateWavePattern  additional_patterns.o
    0x00005068   0x00005068   0x000000dc   Code   RO            2    .text.updateXPlanes  main.o
    0x00005144   0x00005144   0x000000de   Code   RO            4    .text.updateYPlanes  main.o
    0x00005222   0x00005222   0x00000002   PAD
    0x00005224   0x00005224   0x000000dc   Code   RO            6    .text.updateZPlanes  main.o
    0x00005300   0x00005300   0x00000026   Code   RO          399    i.__ARM_fpclassifyf  m_wm.l(fpclassifyf.o)
    0x00005326   0x00005326   0x00000002   PAD
    0x00005328   0x00005328   0x00000150   Code   RO          316    i.__hardfp_cosf     m_wm.l(cosf.o)
    0x00005478   0x00005478   0x000000b0   Code   RO          322    i.__hardfp_fmodf    m_wm.l(fmodf.o)
    0x00005528   0x00005528   0x00000190   Code   RO          328    i.__hardfp_sinf     m_wm.l(sinf.o)
    0x000056b8   0x000056b8   0x0000003a   Code   RO          334    i.__hardfp_sqrtf    m_wm.l(sqrtf.o)
    0x000056f2   0x000056f2   0x00000006   Code   RO          402    i.__mathlib_flt_infnan  m_wm.l(funder.o)
    0x000056f8   0x000056f8   0x00000010   Code   RO          404    i.__mathlib_flt_invalid  m_wm.l(funder.o)
    0x00005708   0x00005708   0x00000010   Code   RO          407    i.__mathlib_flt_underflow  m_wm.l(funder.o)
    0x00005718   0x00005718   0x00000154   Code   RO          415    i.__mathlib_rredf2  m_wm.l(rredf.o)
    0x0000586c   0x0000586c   0x00000018   Code   RO          440    x$fpl$dcmpinf       fz_wm.l(dcmpi.o)
    0x00005884   0x00005884   0x00000078   Code   RO          390    x$fpl$deqf          fz_wm.l(deqf.o)
    0x000058fc   0x000058fc   0x0000002e   Code   RO          311    x$fpl$dflt          fz_wm.l(dflt_clz.o)
    0x0000592a   0x0000592a   0x00000002   PAD
    0x0000592c   0x0000592c   0x00000078   Code   RO          392    x$fpl$dgeqf         fz_wm.l(dgeqf.o)
    0x000059a4   0x000059a4   0x00000078   Code   RO          394    x$fpl$dleqf         fz_wm.l(dleqf.o)
    0x00005a1c   0x00005a1c   0x0000009c   Code   RO          442    x$fpl$dnaninf       fz_wm.l(dnaninf.o)
    0x00005ab8   0x00005ab8   0x00000054   Code   RO          308    x$fpl$fcmp          fz_wm.l(dcmp.o)
    0x00005b0c   0x00005b0c   0x0000008c   Code   RO          444    x$fpl$fnaninf       fz_wm.l(fnaninf.o)
    0x00005b98   0x00005b98   0x0000001a   Code   RO          446    x$fpl$fpinit        fz_wm.l(fpinit.o)
    0x00005bb2   0x00005bb2   0x00000002   PAD
    0x00005bb4   0x00005bb4   0x000000f4   Code   RO          396    x$fpl$frem          fz_wm.l(frem_clz.o)
    0x00005ca8   0x00005ca8   0x00000000   Code   RO          398    x$fpl$usenofp       fz_wm.l(usenofp.o)
    0x00005ca8   0x00005ca8   0x00000020   Data   RO          416    .constdata          m_wm.l(rredf.o)
    0x00005cc8   0x00005cc8   0x00000380   Data   RO          203    .rodata.charMap     advanced_patterns.o
    0x00006048   0x00006048   0x000001ea   Data   RO           25    .rodata.drawDigit.digitPatterns  main.o
    0x00006232   0x00006232   0x000002ae   Data   RO          107    .rodata.led_map     led_cube.o
    0x000064e0   0x000064e0   0x0000000e   Data   RO          256    .rodata.mainDeadLEDs  common_functions.o
    0x000064ee   0x000064ee   0x00000006   Data   RO          202    .rodata.str1.1      advanced_patterns.o
    0x000064f4   0x000064f4   0x00000020   Data   RO          543    Region$$Table       anon$$obj.o


    Execution Region ER_RW (Exec base: 0x20000000, Load base: 0x00006514, Size: 0x00000010, Max: 0xffffffff, ABSOLUTE)

    Exec Addr    Load Addr    Size         Type   Attr      Idx    E Section Name        Object

    0x20000000   0x00006514   0x00000001   Data   RW           27    .data.countdownValue  main.o
    0x20000001   0x00006515   0x00000001   Data   RW          187    .data.expandingCube  advanced_patterns.o
    0x20000002   0x00006516   0x00000001   Data   RW          179    .data.gameOfLifeReset  advanced_patterns.o
    0x20000003   0x00006517   0x00000001   Data   RW          180    .data.snakeReset    advanced_patterns.o
    0x20000004   0x00006518   0x00000001   Data   RW           30    .data.sphereExpanding  main.o
    0x20000005   0x00006519   0x00000003   PAD
    0x20000008   0x0000651c   0x00000008   Data   RW          199    .data.textScroller  advanced_patterns.o


    Execution Region ER_ZI (Exec base: 0x20000010, Load base: 0x00006524, Size: 0x00007a70, Max: 0xffffffff, ABSOLUTE)

    Exec Addr    Load Addr    Size         Type   Attr      Idx    E Section Name        Object

    0x20000010        -       0x000000e4   Zero   RW          301    .bss                c_w.l(rand.o)
    0x200000f4        -       0x00000060   Zero   RW          449    .bss                c_w.l(libspace.o)
    0x20000154        -       0x00000157   Zero   RW          185    .bss.cellGrid       advanced_patterns.o
    0x200002ab        -       0x00000001   Zero   RW           26    .bss.countdownChanged  main.o
    0x200002ac        -       0x00000004   Zero   RW           28    .bss.countdownTimer  main.o
    0x200002b0        -       0x00000001   Zero   RW          188    .bss.cubeScale      advanced_patterns.o
    0x200002b1        -       0x00000001   Zero   RW          254    .bss.currentPattern  common_functions.o
    0x200002b2        -       0x00000001   Zero   RW          255    .bss.currentPosition  common_functions.o
    0x200002b3        -       0x00000001   Zero   RW          193    .bss.dirX           advanced_patterns.o
    0x200002b4        -       0x00000001   Zero   RW          194    .bss.dirY           advanced_patterns.o
    0x200002b5        -       0x00000001   Zero   RW          195    .bss.dirZ           advanced_patterns.o
    0x200002b6        -       0x00000001   Zero   RW          181    .bss.dnaRotation    advanced_patterns.o
    0x200002b7        -       0x00000001   Zero   RW          229    .bss.fireworksTimer  additional_patterns.o
    0x200002b8        -       0x00000001   Zero   RW          196    .bss.foodX          advanced_patterns.o
    0x200002b9        -       0x00000001   Zero   RW          197    .bss.foodY          advanced_patterns.o
    0x200002ba        -       0x00000001   Zero   RW          198    .bss.foodZ          advanced_patterns.o
    0x200002bb        -       0x00000405   Zero   RW          108    .bss.frame          led_cube.o
    0x200006c0        -       0x00000405   Zero   RW          109    .bss.ledBuffer      led_cube.o
    0x20000ac5        -       0x00000157   Zero   RW          186    .bss.nextGrid       advanced_patterns.o
    0x20000c1c        -       0x00000640   Zero   RW          228    .bss.particles      additional_patterns.o
    0x2000125c        -       0x00000001   Zero   RW          231    .bss.planeAngle     additional_patterns.o
    0x2000125d        -       0x00000001   Zero   RW          201    .bss.plasmaOffset   advanced_patterns.o
    0x2000125e        -       0x0000003c   Zero   RW           29    .bss.raindrops      main.o
    0x2000129a        -       0x0000003c   Zero   RW          226    .bss.raindrops      additional_patterns.o
    0x200012d6        -       0x0000008c   Zero   RW          227    .bss.rgbDrops       additional_patterns.o
    0x20001362        -       0x00000001   Zero   RW          192    .bss.snakeLength    advanced_patterns.o
    0x20001363        -       0x00000032   Zero   RW          189    .bss.snakeX         advanced_patterns.o
    0x20001395        -       0x00000032   Zero   RW          190    .bss.snakeY         advanced_patterns.o
    0x200013c7        -       0x00000032   Zero   RW          191    .bss.snakeZ         advanced_patterns.o
    0x200013f9        -       0x00000001   Zero   RW           31    .bss.sphereRadius   main.o
    0x200013fa        -       0x00006078   Zero   RW           63    .bss.spiBuf         ws2812.o
    0x20007472        -       0x00000001   Zero   RW           32    .bss.spiralAngle    main.o
    0x20007473        -       0x00000001   Zero   RW           33    .bss.spiralHeight   main.o
    0x20007474        -       0x00000405   Zero   RW          253    .bss.testBuffer     common_functions.o
    0x20007879        -       0x00000001   Zero   RW          230    .bss.waveOffset     additional_patterns.o
    0x2000787a   0x00006524   0x00000006   PAD
    0x20007880        -       0x00000000   Zero   RW          275    HEAP                startup_tm4c123.o
    0x20007880        -       0x00000200   Zero   RW          274    STACK               startup_tm4c123.o


==============================================================================

Image component sizes


      Code (inc. data)   RO Data    RW Data    ZI Data      Debug   Object Name

       252          0          0          0          0       7222   adc.o
      4572         68          0          0       1803       5684   additional_patterns.o
      7694         82        902         11        846       9458   advanced_patterns.o
       226          0          0          0          0       5664   board.o
       768          4         14          0       1031       2533   common_functions.o
       224          0          0          0          0       5754   gpio.o
       216          0        686          0       2058       2562   led_cube.o
      4154         48        490          2         68       6235   main.o
       680         36          0          0          0       1297   pattern_functions.o
       276         24        620          0        512       5536   startup_tm4c123.o
       268          0          0          0          0       6800   system_tm4c123.o
       144          0          0          0          0       1333   systick_delay.o
       636          0          0          0      24696       6808   ws2812.o

    ----------------------------------------------------------------------
     20156        262       2744         16      31020      66886   Object Totals
         0          0         32          0          0          0   (incl. Generated)
        46          0          0          3          6          0   (incl. Padding)

    ----------------------------------------------------------------------

      Code (inc. data)   RO Data    RW Data    ZI Data      Debug   Library Member Name

         8          0          0          0          0         68   __main.o
         0          0          0          0          0          0   __rtentry.o
        12          0          0          0          0          0   __rtentry2.o
         6          0          0          0          0          0   __rtentry4.o
        94          8          0          0          0          0   __scatter.o
        26          0          0          0          0          0   __scatter_copy.o
        28          0          0          0          0          0   __scatter_zi.o
        22          0          0          0          0        100   _rserrno.o
        18          0          0          0          0         80   exit.o
         6          0          0          0          0        152   heapauxi.o
         0          0          0          0          0          0   indicate_semi.o
         2          0          0          0          0          0   libinit.o
        10          0          0          0          0          0   libinit2.o
         2          0          0          0          0          0   libshutdown.o
         2          0          0          0          0          0   libshutdown2.o
         8          4          0          0         96         68   libspace.o
       112         18          0          0        228        160   rand.o
         8          4          0          0          0         68   rt_errno_addr_intlibspace.o
         2          0          0          0          0          0   rtexit.o
        10          0          0          0          0          0   rtexit2.o
        12          4          0          0          0         68   sys_exit.o
        74          0          0          0          0         80   sys_stackheap_outer.o
         2          0          0          0          0         68   use_no_semi.o
        84          0          0          0          0        244   dcmp.o
        24          0          0          0          0        116   dcmpi.o
       120          4          0          0          0        140   deqf.o
        46          0          0          0          0        116   dflt_clz.o
       120          4          0          0          0        140   dgeqf.o
       120          4          0          0          0        140   dleqf.o
       156          4          0          0          0        140   dnaninf.o
       140          4          0          0          0        132   fnaninf.o
        26          0          0          0          0        116   fpinit.o
       244          8          0          0          0        132   frem_clz.o
         0          0          0          0          0          0   usenofp.o
       336         56          0          0          0        136   cosf.o
       176          0          0          0          0        168   fmodf.o
        38          0          0          0          0        116   fpclassifyf.o
        38         12          0          0          0        348   funder.o
       340         24         32          0          0        160   rredf.o
       400         56          0          0          0        212   sinf.o
        58          0          0          0          0        136   sqrtf.o

    ----------------------------------------------------------------------
      2944        214         32          0        324       3604   Library Totals
        14          0          0          0          0          0   (incl. Padding)

    ----------------------------------------------------------------------

      Code (inc. data)   RO Data    RW Data    ZI Data      Debug   Library Name

       464         38          0          0        324        912   c_w.l
      1080         28          0          0          0       1416   fz_wm.l
      1386        148         32          0          0       1276   m_wm.l

    ----------------------------------------------------------------------
      2944        214         32          0        324       3604   Library Totals

    ----------------------------------------------------------------------

==============================================================================


      Code (inc. data)   RO Data    RW Data    ZI Data      Debug   

     23100        476       2776         16      31344      68274   Grand Totals
     23100        476       2776         16      31344      68274   ELF Image Totals
     23100        476       2776         16          0          0   ROM Totals

==============================================================================

    Total RO  Size (Code + RO Data)                25876 (  25.27kB)
    Total RW  Size (RW Data + ZI Data)             31360 (  30.62kB)
    Total ROM Size (Code + RO Data + RW Data)      25892 (  25.29kB)

==============================================================================

